Archive member included because of file (symbol)

c:/program files/codesourcery/sourcery_codebench_lite_for_arm_eabi/bin/../lib/gcc/arm-none-eabi/4.7.2/thumb2\libgcc.a(_arm_addsubdf3.o)
                              ./src/application/instance_common.o (__aeabi_dsub)
c:/program files/codesourcery/sourcery_codebench_lite_for_arm_eabi/bin/../lib/gcc/arm-none-eabi/4.7.2/thumb2\libgcc.a(_arm_muldivdf3.o)
                              ./src/decadriver/deca_device.o (__aeabi_dmul)
c:/program files/codesourcery/sourcery_codebench_lite_for_arm_eabi/bin/../lib/gcc/arm-none-eabi/4.7.2/thumb2\libgcc.a(_arm_cmpdf2.o)
                              ./src/application/instance_common.o (__aeabi_dcmplt)
c:/program files/codesourcery/sourcery_codebench_lite_for_arm_eabi/bin/../lib/gcc/arm-none-eabi/4.7.2/thumb2\libgcc.a(_arm_fixdfsi.o)
                              ./src/decadriver/deca_range_tables.o (__aeabi_d2iz)
c:/program files/codesourcery/sourcery_codebench_lite_for_arm_eabi/bin/../lib/gcc/arm-none-eabi/4.7.2/thumb2\libgcc.a(_arm_fixunsdfsi.o)
                              ./src/application/instance_common.o (__aeabi_d2uiz)
c:/program files/codesourcery/sourcery_codebench_lite_for_arm_eabi/bin/../lib/gcc/arm-none-eabi/4.7.2/thumb2\libgcc.a(_arm_truncdfsf2.o)
                              ./src/application/instance_common.o (__aeabi_d2f)
c:/program files/codesourcery/sourcery_codebench_lite_for_arm_eabi/bin/../lib/gcc/arm-none-eabi/4.7.2/thumb2\libgcc.a(_arm_addsubsf3.o)
                              ./src/application/instance.o (__aeabi_fadd)
c:/program files/codesourcery/sourcery_codebench_lite_for_arm_eabi/bin/../lib/gcc/arm-none-eabi/4.7.2/thumb2\libgcc.a(_arm_muldivsf3.o)
                              ./src/application/instance.o (__aeabi_fmul)
c:/program files/codesourcery/sourcery_codebench_lite_for_arm_eabi/bin/../lib/gcc/arm-none-eabi/4.7.2/thumb2\libgcc.a(_fixunsdfdi.o)
                              ./src/application/instance_common.o (__aeabi_d2ulz)
c:/program files/codesourcery/sourcery_codebench_lite_for_arm_eabi/bin/../lib/gcc/arm-none-eabi/4.7.2/../../../../arm-none-eabi/lib/thumb2\libc.a(lib_a-clock.o)
                              ./src/sys/unistd.o (clock)
c:/program files/codesourcery/sourcery_codebench_lite_for_arm_eabi/bin/../lib/gcc/arm-none-eabi/4.7.2/../../../../arm-none-eabi/lib/thumb2\libc.a(lib_a-impure.o)
                              c:/program files/codesourcery/sourcery_codebench_lite_for_arm_eabi/bin/../lib/gcc/arm-none-eabi/4.7.2/../../../../arm-none-eabi/lib/thumb2\libc.a(lib_a-clock.o) (_impure_ptr)
c:/program files/codesourcery/sourcery_codebench_lite_for_arm_eabi/bin/../lib/gcc/arm-none-eabi/4.7.2/../../../../arm-none-eabi/lib/thumb2\libc.a(lib_a-init.o)
                              ./Libraries/CMSIS/CM3/DeviceSupport/ST/STM32F10x/startup/startup_stm32f10x_cl.o (__libc_init_array)
c:/program files/codesourcery/sourcery_codebench_lite_for_arm_eabi/bin/../lib/gcc/arm-none-eabi/4.7.2/../../../../arm-none-eabi/lib/thumb2\libc.a(lib_a-memcmp.o)
                              ./src/application/instance.o (memcmp)
c:/program files/codesourcery/sourcery_codebench_lite_for_arm_eabi/bin/../lib/gcc/arm-none-eabi/4.7.2/../../../../arm-none-eabi/lib/thumb2\libc.a(lib_a-memcpy.o)
                              ./src/usb/usb.o (memcpy)
c:/program files/codesourcery/sourcery_codebench_lite_for_arm_eabi/bin/../lib/gcc/arm-none-eabi/4.7.2/../../../../arm-none-eabi/lib/thumb2\libc.a(lib_a-memset.o)
                              ./src/application/instance_common.o (memset)
c:/program files/codesourcery/sourcery_codebench_lite_for_arm_eabi/bin/../lib/gcc/arm-none-eabi/4.7.2/../../../../arm-none-eabi/lib/thumb2\libc.a(lib_a-puts.o)
                              ./src/decadriver/deca_device.o (puts)
c:/program files/codesourcery/sourcery_codebench_lite_for_arm_eabi/bin/../lib/gcc/arm-none-eabi/4.7.2/../../../../arm-none-eabi/lib/thumb2\libc.a(lib_a-reent.o)
                              ./src/sys/syscalls.o (errno)
c:/program files/codesourcery/sourcery_codebench_lite_for_arm_eabi/bin/../lib/gcc/arm-none-eabi/4.7.2/../../../../arm-none-eabi/lib/thumb2\libc.a(lib_a-sprintf.o)
                              ./src/application/main.o (sprintf)
c:/program files/codesourcery/sourcery_codebench_lite_for_arm_eabi/bin/../lib/gcc/arm-none-eabi/4.7.2/../../../../arm-none-eabi/lib/thumb2\libc.a(lib_a-strlen.o)
                              c:/program files/codesourcery/sourcery_codebench_lite_for_arm_eabi/bin/../lib/gcc/arm-none-eabi/4.7.2/../../../../arm-none-eabi/lib/thumb2\libc.a(lib_a-puts.o) (strlen)
c:/program files/codesourcery/sourcery_codebench_lite_for_arm_eabi/bin/../lib/gcc/arm-none-eabi/4.7.2/../../../../arm-none-eabi/lib/thumb2\libc.a(lib_a-svfprintf.o)
                              c:/program files/codesourcery/sourcery_codebench_lite_for_arm_eabi/bin/../lib/gcc/arm-none-eabi/4.7.2/../../../../arm-none-eabi/lib/thumb2\libc.a(lib_a-sprintf.o) (_svfprintf_r)
[...]
Memory Configuration

Name             Origin             Length             Attributes
FLASH            0x08000000         0x00040000         xr
RAM              0x20000000         0x00010000         xrw
MEMORY_B1        0x60000000         0x00000000         xr
*default*        0x00000000         0xffffffff

Linker script and memory map

LOAD c:/program files/codesourcery/sourcery_codebench_lite_for_arm_eabi/bin/../lib/gcc/arm-none-eabi/4.7.2/thumb2/crti.o
LOAD c:/program files/codesourcery/sourcery_codebench_lite_for_arm_eabi/bin/../lib/gcc/arm-none-eabi/4.7.2/thumb2/crtbegin.o
LOAD ./src/usb/usb.o
LOAD ./src/usb/usb_bsp_evk.o
LOAD ./src/usb/usbd_cdc_vcp.o
LOAD ./src/usb/usbd_desc.o
LOAD ./src/usb/usbd_usr.o
LOAD ./src/sys/syscalls.o
LOAD ./src/sys/unistd.o
LOAD ./src/platform/deca_mutex.o
LOAD ./src/platform/deca_spi.o
LOAD ./src/platform/dma_spi.o
LOAD ./src/platform/port.o
LOAD ./src/platform/stm32f10x_it.o
LOAD ./src/decadriver/deca_device.o
LOAD ./src/decadriver/deca_params_init.o
LOAD ./src/decadriver/deca_range_tables.o
LOAD ./src/application/instance.o
LOAD ./src/application/instance_calib.o
LOAD ./src/application/instance_common.o
LOAD ./src/application/instance_fast2wr_a.o
LOAD ./src/application/instance_fast2wr_c.o
LOAD ./src/application/instance_fast2wr_t.o
LOAD ./src/application/main.o
LOAD ./Libraries/STM32_USB_OTG_Driver/src/usb_core.o
LOAD ./Libraries/STM32_USB_OTG_Driver/src/usb_dcd.o
LOAD ./Libraries/STM32_USB_OTG_Driver/src/usb_dcd_int.o
LOAD ./Libraries/STM32_USB_OTG_Driver/src/usb_hcd.o
LOAD ./Libraries/STM32_USB_OTG_Driver/src/usb_hcd_int.o
LOAD ./Libraries/STM32_USB_Device_Library/Core/src/usbd_core.o
LOAD ./Libraries/STM32_USB_Device_Library/Core/src/usbd_ioreq.o
LOAD ./Libraries/STM32_USB_Device_Library/Core/src/usbd_req.o
LOAD ./Libraries/STM32_USB_Device_Library/Class/cdc/src/usbd_cdc_core.o
LOAD ./Libraries/STM32_USB_Device_Library/Class/cdc/src/usbd_cdc_if_template.o
LOAD ./Libraries/STM32F10x_StdPeriph_Driver/src/misc.o
LOAD ./Libraries/STM32F10x_StdPeriph_Driver/src/stm32f10x_adc.o
LOAD ./Libraries/STM32F10x_StdPeriph_Driver/src/stm32f10x_bkp.o
LOAD ./Libraries/STM32F10x_StdPeriph_Driver/src/stm32f10x_can.o
LOAD ./Libraries/STM32F10x_StdPeriph_Driver/src/stm32f10x_cec.o
LOAD ./Libraries/STM32F10x_StdPeriph_Driver/src/stm32f10x_crc.o
LOAD ./Libraries/STM32F10x_StdPeriph_Driver/src/stm32f10x_dac.o
LOAD ./Libraries/STM32F10x_StdPeriph_Driver/src/stm32f10x_dbgmcu.o
LOAD ./Libraries/STM32F10x_StdPeriph_Driver/src/stm32f10x_dma.o
LOAD ./Libraries/STM32F10x_StdPeriph_Driver/src/stm32f10x_exti.o
LOAD ./Libraries/STM32F10x_StdPeriph_Driver/src/stm32f10x_flash.o
LOAD ./Libraries/STM32F10x_StdPeriph_Driver/src/stm32f10x_fsmc.o
LOAD ./Libraries/STM32F10x_StdPeriph_Driver/src/stm32f10x_gpio.o
LOAD ./Libraries/STM32F10x_StdPeriph_Driver/src/stm32f10x_i2c.o
LOAD ./Libraries/STM32F10x_StdPeriph_Driver/src/stm32f10x_iwdg.o
LOAD ./Libraries/STM32F10x_StdPeriph_Driver/src/stm32f10x_pwr.o
LOAD ./Libraries/STM32F10x_StdPeriph_Driver/src/stm32f10x_rcc.o
LOAD ./Libraries/STM32F10x_StdPeriph_Driver/src/stm32f10x_rtc.o
LOAD ./Libraries/STM32F10x_StdPeriph_Driver/src/stm32f10x_sdio.o
LOAD ./Libraries/STM32F10x_StdPeriph_Driver/src/stm32f10x_spi.o
LOAD ./Libraries/STM32F10x_StdPeriph_Driver/src/stm32f10x_tim.o
LOAD ./Libraries/STM32F10x_StdPeriph_Driver/src/stm32f10x_usart.o
LOAD ./Libraries/STM32F10x_StdPeriph_Driver/src/stm32f10x_wwdg.o
LOAD ./Libraries/CMSIS/CM3/DeviceSupport/ST/STM32F10x/startup/startup_stm32f10x_cl.o
LOAD ./Libraries/CMSIS/CM3/DeviceSupport/ST/STM32F10x/system_stm32f10x.o
LOAD ./Libraries/CMSIS/CM3/CoreSupport/core_cm3.o
START GROUP
LOAD c:/program files/codesourcery/sourcery_codebench_lite_for_arm_eabi/bin/../lib/gcc/arm-none-eabi/4.7.2/thumb2\libgcc.a
LOAD c:/program files/codesourcery/sourcery_codebench_lite_for_arm_eabi/bin/../lib/gcc/arm-none-eabi/4.7.2/../../../../arm-none-eabi/lib/thumb2\libc.a
END GROUP
LOAD c:/program files/codesourcery/sourcery_codebench_lite_for_arm_eabi/bin/../lib/gcc/arm-none-eabi/4.7.2/thumb2/crtend.o
LOAD c:/program files/codesourcery/sourcery_codebench_lite_for_arm_eabi/bin/../lib/gcc/arm-none-eabi/4.7.2/thumb2/crtn.o
                0x20010000                _estack = 0x20010000
                0x00000400                _Min_Heap_Size = 0x400
                0x00000400                _Min_Stack_Size = 0x400

.isr_vector     0x08000000      0x1e4
                0x08000000                . = ALIGN (0x4)
 *(.isr_vector)
 .isr_vector    0x08000000      0x1e4 ./Libraries/CMSIS/CM3/DeviceSupport/ST/STM32F10x/startup/startup_stm32f10x_cl.o
                0x08000000                g_pfnVectors
                0x080001e4                . = ALIGN (0x4)

.text           0x080001e8    0x151a8
                0x080001e8                . = ALIGN (0x4)
 *(.text)
 .text          0x080001e8       0xc8 c:/program files/codesourcery/sourcery_codebench_lite_for_arm_eabi/bin/../lib/gcc/arm-none-eabi/4.7.2/thumb2/crtbegin.o
 .text          0x080002b0      0x370 c:/program files/codesourcery/sourcery_codebench_lite_for_arm_eabi/bin/../lib/gcc/arm-none-eabi/4.7.2/thumb2\libgcc.a(_arm_addsubdf3.o)
                0x080002b0                __aeabi_drsub
                0x080002b8                __aeabi_dsub
                0x080002b8                __subdf3
                0x080002bc                __aeabi_dadd
                0x080002bc                __adddf3
                0x08000534                __floatunsidf
                0x08000534                __aeabi_ui2d
                0x08000554                __floatsidf
                0x08000554                __aeabi_i2d
                0x08000578                __aeabi_f2d
                0x08000578                __extendsfdf2
                0x080005b4                __floatundidf
                0x080005b4                __aeabi_ul2d
                0x080005c4                __floatdidf
                0x080005c4                __aeabi_l2d
 .text          0x08000620      0x424 c:/program files/codesourcery/sourcery_codebench_lite_for_arm_eabi/bin/../lib/gcc/arm-none-eabi/4.7.2/thumb2\libgcc.a(_arm_muldivdf3.o)
                0x08000620                __aeabi_dmul
                0x08000620                __muldf3
                0x08000874                __divdf3
                0x08000874                __aeabi_ddiv
 .text          0x08000a44      0x110 c:/program files/codesourcery/sourcery_codebench_lite_for_arm_eabi/bin/../lib/gcc/arm-none-eabi/4.7.2/thumb2\libgcc.a(_arm_cmpdf2.o)
                0x08000a44                __gtdf2
                0x08000a44                __gedf2
                0x08000a4c                __ltdf2
                0x08000a4c                __ledf2
                0x08000a54                __nedf2
                0x08000a54                __eqdf2
                0x08000a54                __cmpdf2
                0x08000ad0                __aeabi_cdrcmple
                0x08000ae0                __aeabi_cdcmpeq
                0x08000ae0                __aeabi_cdcmple
                0x08000af0                __aeabi_dcmpeq
                0x08000b04                __aeabi_dcmplt
                0x08000b18                __aeabi_dcmple
                0x08000b2c                __aeabi_dcmpge
                0x08000b40                __aeabi_dcmpgt
 .text          0x08000b54       0x50 c:/program files/codesourcery/sourcery_codebench_lite_for_arm_eabi/bin/../lib/gcc/arm-none-eabi/4.7.2/thumb2\libgcc.a(_arm_fixdfsi.o)
                0x08000b54                __aeabi_d2iz
                0x08000b54                __fixdfsi
 .text          0x08000ba4       0x40 c:/program files/codesourcery/sourcery_codebench_lite_for_arm_eabi/bin/../lib/gcc/arm-none-eabi/4.7.2/thumb2\libgcc.a(_arm_fixunsdfsi.o)
                0x08000ba4                __aeabi_d2uiz
                0x08000ba4                __fixunsdfsi
 .text          0x08000be4       0xa0 c:/program files/codesourcery/sourcery_codebench_lite_for_arm_eabi/bin/../lib/gcc/arm-none-eabi/4.7.2/thumb2\libgcc.a(_arm_truncdfsf2.o)
                0x08000be4                __truncdfsf2
                0x08000be4                __aeabi_d2f
 .text          0x08000c84      0x21c c:/program files/codesourcery/sourcery_codebench_lite_for_arm_eabi/bin/../lib/gcc/arm-none-eabi/4.7.2/thumb2\libgcc.a(_arm_addsubsf3.o)
                0x08000c84                __aeabi_frsub
                0x08000c8c                __subsf3
                0x08000c8c                __aeabi_fsub
                0x08000c90                __aeabi_fadd
                0x08000c90                __addsf3
                0x08000df0                __aeabi_ui2f
                0x08000df0                __floatunsisf
                0x08000df8                __aeabi_i2f
                0x08000df8                __floatsisf
                0x08000e14                __aeabi_ul2f
                0x08000e14                __floatundisf
                0x08000e24                __aeabi_l2f
                0x08000e24                __floatdisf
 .text          0x08000ea0      0x2a0 c:/program files/codesourcery/sourcery_codebench_lite_for_arm_eabi/bin/../lib/gcc/arm-none-eabi/4.7.2/thumb2\libgcc.a(_arm_muldivsf3.o)
                0x08000ea0                __mulsf3
                0x08000ea0                __aeabi_fmul
                0x08001008                __aeabi_fdiv
                0x08001008                __divsf3
 .text          0x08001140       0x44 c:/program files/codesourcery/sourcery_codebench_lite_for_arm_eabi/bin/../lib/gcc/arm-none-eabi/4.7.2/thumb2\libgcc.a(_fixunsdfdi.o)
                0x08001140                __fixunsdfdi
                0x08001140                __aeabi_d2ulz
 .text          0x08001184       0x2c c:/program files/codesourcery/sourcery_codebench_lite_for_arm_eabi/bin/../lib/gcc/arm-none-eabi/4.7.2/../../../../arm-none-eabi/lib/thumb2\libc.a(lib_a-clock.o)
                0x08001184                clock
 .text          0x080011b0       0x58 c:/program files/codesourcery/sourcery_codebench_lite_for_arm_eabi/bin/../lib/gcc/arm-none-eabi/4.7.2/../../../../arm-none-eabi/lib/thumb2\libc.a(lib_a-init.o)
                0x080011b0                __libc_init_array
 .text          0x08001208       0x64 c:/program files/codesourcery/sourcery_codebench_lite_for_arm_eabi/bin/../lib/gcc/arm-none-eabi/4.7.2/../../../../arm-none-eabi/lib/thumb2\libc.a(lib_a-memcmp.o)
                0x08001208                memcmp
 .text          0x0800126c      0x174 c:/program files/codesourcery/sourcery_codebench_lite_for_arm_eabi/bin/../lib/gcc/arm-none-eabi/4.7.2/../../../../arm-none-eabi/lib/thumb2\libc.a(lib_a-memcpy.o)
                0x0800126c                memcpy
 .text          0x080013e0       0xcc c:/program files/codesourcery/sourcery_codebench_lite_for_arm_eabi/bin/../lib/gcc/arm-none-eabi/4.7.2/../../../../arm-none-eabi/lib/thumb2\libc.a(lib_a-memset.o)
                0x080013e0                memset
 .text          0x080014ac       0x94 c:/program files/codesourcery/sourcery_codebench_lite_for_arm_eabi/bin/../lib/gcc/arm-none-eabi/4.7.2/../../../../arm-none-eabi/lib/thumb2\libc.a(lib_a-sprintf.o)
                0x080014ac                _sprintf_r
                0x080014f0                sprintf
 .text          0x08001540       0x60 c:/program files/codesourcery/sourcery_codebench_lite_for_arm_eabi/bin/../lib/gcc/arm-none-eabi/4.7.2/../../../../arm-none-eabi/lib/thumb2\libc.a(lib_a-strlen.o)
                0x08001540                strlen
 .text          0x080015a0     0x1538 c:/program files/codesourcery/sourcery_codebench_lite_for_arm_eabi/bin/../lib/gcc/arm-none-eabi/4.7.2/../../../../arm-none-eabi/lib/thumb2\libc.a(lib_a-svfprintf.o)
                0x080015a0                _svfprintf_r
 .text          0x08002ad8     0x1068 c:/program files/codesourcery/sourcery_codebench_lite_for_arm_eabi/bin/../lib/gcc/arm-none-eabi/4.7.2/../../../../arm-none-eabi/lib/thumb2\libc.a(lib_a-dtoa.o)
                0x08002c10                _dtoa_r
 .text          0x08003b40      0x238 c:/program files/codesourcery/sourcery_codebench_lite_for_arm_eabi/bin/../lib/gcc/arm-none-eabi/4.7.2/../../../../arm-none-eabi/lib/thumb2\libc.a(lib_a-freer.o)
                0x08003b40                _malloc_trim_r
                0x08003be4                _free_r
 .text          0x08003d78       0x9c c:/program files/codesourcery/sourcery_codebench_lite_for_arm_eabi/bin/../lib/gcc/arm-none-eabi/4.7.2/../../../../arm-none-eabi/lib/thumb2\libc.a(lib_a-locale.o)
                0x08003d78                _setlocale_r
                0x08003dcc                __locale_charset
                0x08003dd8                __locale_mb_cur_max
                0x08003de4                __locale_msgcharset
                0x08003dec                __locale_cjk_lang
                0x08003df0                _localeconv_r
                0x08003df8                setlocale
                0x08003e0c                localeconv
 .text          0x08003e14       0x20 c:/program files/codesourcery/sourcery_codebench_lite_for_arm_eabi/bin/../lib/gcc/arm-none-eabi/4.7.2/../../../../arm-none-eabi/lib/thumb2\libc.a(lib_a-malloc.o)
                0x08003e14                malloc
                0x08003e24                free
 .text          0x08003e34      0x598 c:/program files/codesourcery/sourcery_codebench_lite_for_arm_eabi/bin/../lib/gcc/arm-none-eabi/4.7.2/../../../../arm-none-eabi/lib/thumb2\libc.a(lib_a-mallocr.o)
                0x08003e34                _malloc_r
 .text          0x080043cc       0x94 c:/program files/codesourcery/sourcery_codebench_lite_for_arm_eabi/bin/../lib/gcc/arm-none-eabi/4.7.2/../../../../arm-none-eabi/lib/thumb2\libc.a(lib_a-memchr.o)
                0x080043cc                memchr
 .text          0x08004460       0xcc c:/program files/codesourcery/sourcery_codebench_lite_for_arm_eabi/bin/../lib/gcc/arm-none-eabi/4.7.2/../../../../arm-none-eabi/lib/thumb2\libc.a(lib_a-memmove.o)
                0x08004460                memmove
 .text          0x0800452c        0x8 c:/program files/codesourcery/sourcery_codebench_lite_for_arm_eabi/bin/../lib/gcc/arm-none-eabi/4.7.2/../../../../arm-none-eabi/lib/thumb2\libc.a(lib_a-mlock.o)
                0x0800452c                __malloc_lock
                0x08004530                __malloc_unlock
 .text          0x08004534      0x910 c:/program files/codesourcery/sourcery_codebench_lite_for_arm_eabi/bin/../lib/gcc/arm-none-eabi/4.7.2/../../../../arm-none-eabi/lib/thumb2\libc.a(lib_a-mprec.o)
                0x08004534                _Balloc
                0x080045a0                _Bfree
                0x080045d8                __multadd
                0x08004660                __s2b
                0x080046f8                __hi0bits
                0x08004734                __lo0bits
                0x08004790                __i2b
                0x080047a4                __multiply
                0x080048e0                __pow5mult
                0x08004984                __lshift
                0x08004a38                __mcmp
                0x08004a74                __mdiff
                0x08004b60                __ulp
                0x08004ba4                __b2d
                0x08004c54                __d2b
                0x08004d10                __ratio
                0x08004d70                _mprec_log10
                0x08004da4                __copybits
                0x08004dec                __any_on
 .text          0x08004e44      0x3cc c:/program files/codesourcery/sourcery_codebench_lite_for_arm_eabi/bin/../lib/gcc/arm-none-eabi/4.7.2/../../../../arm-none-eabi/lib/thumb2\libc.a(lib_a-reallocr.o)
                0x08004e44                _realloc_r
 .text          0x08005210       0x50 c:/program files/codesourcery/sourcery_codebench_lite_for_arm_eabi/bin/../lib/gcc/arm-none-eabi/4.7.2/../../../../arm-none-eabi/lib/thumb2\libc.a(lib_a-s_fpclassify.o)
                0x08005210                __fpclassifyd
 .text          0x08005260       0x28 c:/program files/codesourcery/sourcery_codebench_lite_for_arm_eabi/bin/../lib/gcc/arm-none-eabi/4.7.2/../../../../arm-none-eabi/lib/thumb2\libc.a(lib_a-sbrkr.o)
                0x08005260                _sbrk_r
 .text          0x08005288      0x1dc c:/program files/codesourcery/sourcery_codebench_lite_for_arm_eabi/bin/../lib/gcc/arm-none-eabi/4.7.2/../../../../arm-none-eabi/lib/thumb2\libc.a(lib_a-strcmp.o)
                0x08005288                strcmp
 .text          0x08005464      0xbbc c:/program files/codesourcery/sourcery_codebench_lite_for_arm_eabi/bin/../lib/gcc/arm-none-eabi/4.7.2/../../../../arm-none-eabi/lib/thumb2\libc.a(lib_a-svfiprintf.o)
                0x08005464                __ssprint_r
                0x08005570                _svfiprintf_r
 .text          0x08006020       0x60 c:/program files/codesourcery/sourcery_codebench_lite_for_arm_eabi/bin/../lib/gcc/arm-none-eabi/4.7.2/../../../../arm-none-eabi/lib/thumb2\libc.a(lib_a-callocr.o)
                0x08006020                _calloc_r
 .text          0x08006080      0x278 c:/program files/codesourcery/sourcery_codebench_lite_for_arm_eabi/bin/../lib/gcc/arm-none-eabi/4.7.2/thumb2\libgcc.a(_udivsi3.o)
                0x08006080                __aeabi_uidiv
                0x08006080                __udivsi3
                0x080062dc                __aeabi_uidivmod
 .text          0x080062f8        0x4 c:/program files/codesourcery/sourcery_codebench_lite_for_arm_eabi/bin/../lib/gcc/arm-none-eabi/4.7.2/thumb2\libgcc.a(_dvmd_tls.o)
                0x080062f8                __aeabi_idiv0
                0x080062f8                __aeabi_ldiv0
 .text          0x080062fc       0x2c c:/program files/codesourcery/sourcery_codebench_lite_for_arm_eabi/bin/../lib/gcc/arm-none-eabi/4.7.2/thumb2\libgcc.a(_aeabi_uldivmod.o)
                0x080062fc                __aeabi_uldivmod
 .text          0x08006328       0x60 c:/program files/codesourcery/sourcery_codebench_lite_for_arm_eabi/bin/../lib/gcc/arm-none-eabi/4.7.2/thumb2\libgcc.a(bpabi.o)
                0x08006328                __gnu_ldivmod_helper
                0x08006358                __gnu_uldivmod_helper
 .text          0x08006388      0x36c c:/program files/codesourcery/sourcery_codebench_lite_for_arm_eabi/bin/../lib/gcc/arm-none-eabi/4.7.2/thumb2\libgcc.a(_divdi3.o)
                0x08006388                __divdi3
 .text          0x080066f4      0x314 c:/program files/codesourcery/sourcery_codebench_lite_for_arm_eabi/bin/../lib/gcc/arm-none-eabi/4.7.2/thumb2\libgcc.a(_udivdi3.o)
                0x080066f4                __udivdi3
 .text          0x08006a08      0x120 c:/program files/codesourcery/sourcery_codebench_lite_for_arm_eabi/bin/../lib/gcc/arm-none-eabi/4.7.2/../../../../arm-none-eabi/lib/thumb2\libm.a(lib_a-s_ceil.o)
                0x08006a08                ceil
 *(.text*)
 .text.configSPIspeed
                0x08006b28       0x3c ./src/usb/usb.o
                0x08006b28                configSPIspeed
 .text.process_usbmessage
                0x08006b64      0x25c ./src/usb/usb.o
                0x08006b64                process_usbmessage
 .text.send_usbmessage
                0x08006dc0       0x38 ./src/usb/usb.o
                0x08006dc0                send_usbmessage
 .text.usb_printconfig
                0x08006df8        0xc ./src/usb/usb.o
                0x08006df8                usb_printconfig
 .text.usb_init
                0x08006e04       0x78 ./src/usb/usb.o
                0x08006e04                usb_init
 .text.usb_run  0x08006e7c       0x90 ./src/usb/usb.o
                0x08006e7c                usb_run
 .text.USB_OTG_BSP_Init
                0x08006f0c       0x7c ./src/usb/usb_bsp_evk.o
                0x08006f0c                USB_OTG_BSP_Init
 .text.USB_OTG_BSP_EnableInterrupt
                0x08006f88       0x3c ./src/usb/usb_bsp_evk.o
                0x08006f88                USB_OTG_BSP_EnableInterrupt
 .text.USB_OTG_BSP_uDelay
                0x08006fc4       0x58 ./src/usb/usb_bsp_evk.o
                0x08006fc4                USB_OTG_BSP_uDelay
 .text.USB_OTG_BSP_mDelay
                0x0800701c       0x20 ./src/usb/usb_bsp_evk.o
                0x0800701c                USB_OTG_BSP_mDelay
 .text.VCP_Init
                0x0800703c       0x10 ./src/usb/usbd_cdc_vcp.o
 .text.VCP_DeInit
                0x0800704c       0x10 ./src/usb/usbd_cdc_vcp.o
 .text.VCP_Ctrl
                0x0800705c      0x180 ./src/usb/usbd_cdc_vcp.o
 .text.VCP_DataTx
                0x080071dc       0x88 ./src/usb/usbd_cdc_vcp.o
                0x080071dc                VCP_DataTx
 .text.VCP_DataRx
                0x08007264       0xd8 ./src/usb/usbd_cdc_vcp.o
 .text.VCP_COMConfig
                0x0800733c       0x1c ./src/usb/usbd_cdc_vcp.o
 .text.USBD_USR_DeviceDescriptor
                0x08007358       0x28 ./src/usb/usbd_desc.o
                0x08007358                USBD_USR_DeviceDescriptor
 .text.USBD_USR_LangIDStrDescriptor
                0x08007380       0x28 ./src/usb/usbd_desc.o
                0x08007380                USBD_USR_LangIDStrDescriptor
 .text.USBD_USR_ProductStrDescriptor
                0x080073a8       0x40 ./src/usb/usbd_desc.o
                0x080073a8                USBD_USR_ProductStrDescriptor
 .text.USBD_USR_ManufacturerStrDescriptor
                0x080073e8       0x2c ./src/usb/usbd_desc.o
                0x080073e8                USBD_USR_ManufacturerStrDescriptor
 .text.USBD_USR_SerialStrDescriptor
                0x08007414       0x40 ./src/usb/usbd_desc.o
                0x08007414                USBD_USR_SerialStrDescriptor
 .text.USBD_USR_ConfigStrDescriptor
                0x08007454       0x3c ./src/usb/usbd_desc.o
                0x08007454                USBD_USR_ConfigStrDescriptor
 .text.USBD_USR_InterfaceStrDescriptor
                0x08007490       0x3c ./src/usb/usbd_desc.o
                0x08007490                USBD_USR_InterfaceStrDescriptor
 .text.USBD_USR_Init
                0x080074cc       0x10 ./src/usb/usbd_usr.o
                0x080074cc                USBD_USR_Init
 .text.USBD_USR_DeviceReset
                0x080074dc       0x1c ./src/usb/usbd_usr.o
                0x080074dc                USBD_USR_DeviceReset
 .text.USBD_USR_DeviceConfigured
                0x080074f8       0x10 ./src/usb/usbd_usr.o
                0x080074f8                USBD_USR_DeviceConfigured
 .text.USBD_USR_DeviceSuspended
                0x08007508       0x10 ./src/usb/usbd_usr.o
                0x08007508                USBD_USR_DeviceSuspended
 .text.USBD_USR_DeviceResumed
                0x08007518       0x10 ./src/usb/usbd_usr.o
                0x08007518                USBD_USR_DeviceResumed
 .text.USBD_USR_DeviceConnected
                0x08007528       0x18 ./src/usb/usbd_usr.o
                0x08007528                USBD_USR_DeviceConnected
 .text.USBD_USR_DeviceDisconnected
                0x08007540       0x18 ./src/usb/usbd_usr.o
                0x08007540                USBD_USR_DeviceDisconnected
 .text._write   0x08007558       0x58 ./src/sys/syscalls.o
                0x08007558                _write
 .text._sbrk    0x080075b0       0x78 ./src/sys/syscalls.o
                0x080075b0                _sbrk
 .text._times_r
                0x08007628       0x44 ./src/sys/syscalls.o
                0x08007628                _times_r
 .text.usleep   0x0800766c       0x40 ./src/sys/unistd.o
                0x0800766c                usleep
 .text.NVIC_EnableIRQ
                0x080076ac       0x34 ./src/platform/deca_mutex.o
 .text.NVIC_DisableIRQ
                0x080076e0       0x38 ./src/platform/deca_mutex.o
 .text.NVIC_GetPendingIRQ
                0x08007718       0x4c ./src/platform/deca_mutex.o
 .text.decamutexon
                0x08007764       0x2c ./src/platform/deca_mutex.o
                0x08007764                decamutexon
 .text.decamutexoff
                0x08007790       0x20 ./src/platform/deca_mutex.o
                0x08007790                decamutexoff
 .text.writetospi_serial
                0x080077b0       0x74 ./src/platform/deca_spi.o
                0x080077b0                writetospi_serial
 .text.readfromspi_serial
                0x08007824       0x74 ./src/platform/deca_spi.o
                0x08007824                readfromspi_serial
 .text.writetoLCD
                0x08007898       0xa0 ./src/platform/deca_spi.o
                0x08007898                writetoLCD
 .text.NVIC_SetPriority
                0x08007938       0x58 ./src/platform/port.o
 .text.SysTick_Config
                0x08007990       0x54 ./src/platform/port.o
 .text.No_Configuration
                0x080079e4       0x10 ./src/platform/port.o
                0x080079e4                No_Configuration
 .text.portGetTickCnt
                0x080079f4       0x14 ./src/platform/port.o
                0x080079f4                portGetTickCnt
 .text.SysTick_Configuration
                0x08007a08       0x3c ./src/platform/port.o
                0x08007a08                SysTick_Configuration
 .text.NVIC_DisableDECAIRQ
                0x08007a44       0x34 ./src/platform/port.o
                0x08007a44                NVIC_DisableDECAIRQ
 .text.NVIC_Configuration
                0x08007a78       0x88 ./src/platform/port.o
                0x08007a78                NVIC_Configuration
 .text.RCC_Configuration
                0x08007b00       0xf8 ./src/platform/port.o
                0x08007b00                RCC_Configuration
 .text.USART_Configuration
                0x08007bf8       0x10 ./src/platform/port.o
                0x08007bf8                USART_Configuration
 .text.SPI_ConfigFastRate
                0x08007c08       0x68 ./src/platform/port.o
                0x08007c08                SPI_ConfigFastRate
 .text.SPI_Configuration
                0x08007c70       0xd0 ./src/platform/port.o
                0x08007c70                SPI_Configuration
 .text.SPI2_Configuration
                0x08007d40      0x108 ./src/platform/port.o
                0x08007d40                SPI2_Configuration
 .text.GPIO_Configuration
                0x08007e48       0xf0 ./src/platform/port.o
                0x08007e48                GPIO_Configuration
 .text.reset_DW1000
                0x08007f38       0x60 ./src/platform/port.o
                0x08007f38                reset_DW1000
 .text.is_button_low
                0x08007f98       0x38 ./src/platform/port.o
                0x08007f98                is_button_low
 .text.is_switch_on
                0x08007fd0       0x38 ./src/platform/port.o
                0x08007fd0                is_switch_on
 .text.led_off  0x08008008       0x78 ./src/platform/port.o
                0x08008008                led_off
 .text.led_on   0x08008080       0x78 ./src/platform/port.o
                0x08008080                led_on
 .text.peripherals_init
                0x080080f8       0x24 ./src/platform/port.o
                0x080080f8                peripherals_init
 .text.spi_peripheral_init
                0x0800811c       0x28 ./src/platform/port.o
                0x0800811c                spi_peripheral_init
 .text.NMI_Handler
                0x08008144        0xc ./src/platform/stm32f10x_it.o
                0x08008144                NMI_Handler
 .text.pop_registers_from_fault_stack
                0x08008150       0x3c ./src/platform/stm32f10x_it.o
                0x08008150                pop_registers_from_fault_stack
 .text.HardFault_Handler
                0x0800818c       0x20 ./src/platform/stm32f10x_it.o
                0x0800818c                HardFault_Handler
 .text.MemManage_Handler
                0x080081ac        0x8 ./src/platform/stm32f10x_it.o
                0x080081ac                MemManage_Handler
 .text.BusFault_Handler
                0x080081b4        0x8 ./src/platform/stm32f10x_it.o
                0x080081b4                BusFault_Handler
 .text.UsageFault_Handler
                0x080081bc        0x8 ./src/platform/stm32f10x_it.o
                0x080081bc                UsageFault_Handler
 .text.SVC_Handler
                0x080081c4        0xc ./src/platform/stm32f10x_it.o
                0x080081c4                SVC_Handler
 .text.DebugMon_Handler
                0x080081d0        0xc ./src/platform/stm32f10x_it.o
                0x080081d0                DebugMon_Handler
 .text.PendSV_Handler
                0x080081dc        0xc ./src/platform/stm32f10x_it.o
                0x080081dc                PendSV_Handler
 .text.RTC_IRQHandler
                0x080081e8       0x20 ./src/platform/stm32f10x_it.o
                0x080081e8                RTC_IRQHandler
 .text.SysTick_Handler
                0x08008208       0x1c ./src/platform/stm32f10x_it.o
                0x08008208                SysTick_Handler
 .text.EXTI15_10_IRQHandler
                0x08008224       0x14 ./src/platform/stm32f10x_it.o
                0x08008224                EXTI15_10_IRQHandler
 .text.ETH_IRQHandler
                0x08008238        0xc ./src/platform/stm32f10x_it.o
                0x08008238                ETH_IRQHandler
 .text.ETH_WKUP_IRQHandler
                0x08008244        0xc ./src/platform/stm32f10x_it.o
                0x08008244                ETH_WKUP_IRQHandler
 .text.EXTI3_IRQHandler
                0x08008250       0x14 ./src/platform/stm32f10x_it.o
                0x08008250                EXTI3_IRQHandler
 .text.EXTI9_5_IRQHandler
                0x08008264       0x14 ./src/platform/stm32f10x_it.o
                0x08008264                EXTI9_5_IRQHandler
 .text.OTG_FS_WKUP_IRQHandler
                0x08008278       0x34 ./src/platform/stm32f10x_it.o
                0x08008278                OTG_FS_WKUP_IRQHandler
 .text.OTG_FS_IRQHandler
                0x080082ac       0x10 ./src/platform/stm32f10x_it.o
                0x080082ac                OTG_FS_IRQHandler
 .text.dwt_initialise
                0x080082bc      0x1c0 ./src/decadriver/deca_device.o
                0x080082bc                dwt_initialise
 .text.dwt_getpartid
                0x0800847c       0x14 ./src/decadriver/deca_device.o
                0x0800847c                dwt_getpartid
 .text.dwt_readdevid
                0x08008490       0x18 ./src/decadriver/deca_device.o
                0x08008490                dwt_readdevid
 .text.dwt_configuretxrf
                0x080084a8       0x34 ./src/decadriver/deca_device.o
                0x080084a8                dwt_configuretxrf
 .text.dwt_getotptxpower
                0x080084dc       0x44 ./src/decadriver/deca_device.o
                0x080084dc                dwt_getotptxpower
 .text.dwt_configure
                0x08008520      0x3d8 ./src/decadriver/deca_device.o
                0x08008520                dwt_configure
 .text.dwt_setrxantennadelay
                0x080088f8       0x30 ./src/decadriver/deca_device.o
                0x080088f8                dwt_setrxantennadelay
 .text.dwt_settxantennadelay
                0x08008928       0x30 ./src/decadriver/deca_device.o
                0x08008928                dwt_settxantennadelay
 .text.dwt_readantennadelay
                0x08008958       0x30 ./src/decadriver/deca_device.o
                0x08008958                dwt_readantennadelay
 .text.dwt_writetxdata
                0x08008988       0x24 ./src/decadriver/deca_device.o
                0x08008988                dwt_writetxdata
 .text.dwt_writetxfctrl
                0x080089ac       0x1c ./src/decadriver/deca_device.o
                0x080089ac                dwt_writetxfctrl
 .text.dwt_readrxdata
                0x080089c8       0x14 ./src/decadriver/deca_device.o
                0x080089c8                dwt_readrxdata
 .text.dwt_readtxtimestamp
                0x080089dc        0xc ./src/decadriver/deca_device.o
                0x080089dc                dwt_readtxtimestamp
 .text.dwt_readrxtimestamp
                0x080089e8        0xc ./src/decadriver/deca_device.o
                0x080089e8                dwt_readrxtimestamp
 .text.dwt_writetodevice
                0x080089f4       0x40 ./src/decadriver/deca_device.o
                0x080089f4                dwt_writetodevice
 .text.dwt_readfromdevice
                0x08008a34       0x3c ./src/decadriver/deca_device.o
                0x08008a34                dwt_readfromdevice
 .text.dwt_read32bitoffsetreg
                0x08008a70       0x40 ./src/decadriver/deca_device.o
                0x08008a70                dwt_read32bitoffsetreg
 .text.dwt_read16bitoffsetreg
                0x08008ab0       0x2c ./src/decadriver/deca_device.o
                0x08008ab0                dwt_read16bitoffsetreg
 .text.dwt_write16bitoffsetreg
                0x08008adc       0x20 ./src/decadriver/deca_device.o
                0x08008adc                dwt_write16bitoffsetreg
 .text.dwt_write32bitoffsetreg
                0x08008afc       0x30 ./src/decadriver/deca_device.o
                0x08008afc                dwt_write32bitoffsetreg
 .text.dwt_enableframefilter
                0x08008b2c       0x40 ./src/decadriver/deca_device.o
                0x08008b2c                dwt_enableframefilter
 .text.dwt_setpanid
                0x08008b6c        0xc ./src/decadriver/deca_device.o
                0x08008b6c                dwt_setpanid
 .text.dwt_setaddress16
                0x08008b78        0xc ./src/decadriver/deca_device.o
                0x08008b78                dwt_setaddress16
 .text.dwt_seteui
                0x08008b84        0xc ./src/decadriver/deca_device.o
                0x08008b84                dwt_seteui
 .text.dwt_geteui
                0x08008b90        0xc ./src/decadriver/deca_device.o
                0x08008b90                dwt_geteui
 .text._dwt_otpread
                0x08008b9c       0x4c ./src/decadriver/deca_device.o
                0x08008b9c                _dwt_otpread
 .text._dwt_aonarrayupload
                0x08008be8       0x30 ./src/decadriver/deca_device.o
                0x08008be8                _dwt_aonarrayupload
 .text.dwt_entersleep
                0x08008c18        0x4 ./src/decadriver/deca_device.o
                0x08008c18                dwt_entersleep
 .text.dwt_configuresleep
                0x08008c1c       0x24 ./src/decadriver/deca_device.o
                0x08008c1c                dwt_configuresleep
 .text.dwt_entersleepaftertx
                0x08008c40       0x24 ./src/decadriver/deca_device.o
                0x08008c40                dwt_entersleepaftertx
 .text._dwt_configlde
                0x08008c64       0x40 ./src/decadriver/deca_device.o
                0x08008c64                _dwt_configlde
 .text._dwt_loaducodefromrom
                0x08008ca4       0x50 ./src/decadriver/deca_device.o
                0x08008ca4                _dwt_loaducodefromrom
 .text.dwt_setsmarttxpower
                0x08008cf4       0x30 ./src/decadriver/deca_device.o
                0x08008cf4                dwt_setsmarttxpower
 .text.dwt_enableautoack
                0x08008d24       0x28 ./src/decadriver/deca_device.o
                0x08008d24                dwt_enableautoack
 .text.dwt_setdblrxbuffmode
                0x08008d4c       0x2c ./src/decadriver/deca_device.o
                0x08008d4c                dwt_setdblrxbuffmode
 .text.dwt_setautorxreenable
                0x08008d78       0x38 ./src/decadriver/deca_device.o
                0x08008d78                dwt_setautorxreenable
 .text.dwt_setrxaftertxdelay
                0x08008db0       0x28 ./src/decadriver/deca_device.o
                0x08008db0                dwt_setrxaftertxdelay
 .text.dwt_setcallbacks
                0x08008dd8        0xc ./src/decadriver/deca_device.o
                0x08008dd8                dwt_setcallbacks
 .text.dwt_isr  0x08008de4      0x248 ./src/decadriver/deca_device.o
                0x08008de4                dwt_isr
 .text.dwt_setleds
                0x0800902c       0xcc ./src/decadriver/deca_device.o
                0x0800902c                dwt_setleds
 .text._dwt_enableclocks
                0x080090f8       0xe4 ./src/decadriver/deca_device.o
                0x080090f8                _dwt_enableclocks
 .text._dwt_disablesequencing
                0x080091dc       0x18 ./src/decadriver/deca_device.o
                0x080091dc                _dwt_disablesequencing
 .text.dwt_setdelayedtrxtime
                0x080091f4        0xc ./src/decadriver/deca_device.o
                0x080091f4                dwt_setdelayedtrxtime
 .text.dwt_starttx
                0x08009200       0x94 ./src/decadriver/deca_device.o
                0x08009200                dwt_starttx
 .text.dwt_checkoverrun
                0x08009294       0x10 ./src/decadriver/deca_device.o
                0x08009294                dwt_checkoverrun
 .text.dwt_forcetrxoff
                0x080092a4       0x64 ./src/decadriver/deca_device.o
                0x080092a4                dwt_forcetrxoff
 .text.dwt_syncrxbufptrs
                0x08009308       0x38 ./src/decadriver/deca_device.o
                0x08009308                dwt_syncrxbufptrs
 .text.dwt_rxenable
                0x08009340       0x60 ./src/decadriver/deca_device.o
                0x08009340                dwt_rxenable
 .text.dwt_setrxtimeout
                0x080093a0       0x6c ./src/decadriver/deca_device.o
                0x080093a0                dwt_setrxtimeout
 .text.dwt_setinterrupt
                0x0800940c       0x34 ./src/decadriver/deca_device.o
                0x0800940c                dwt_setinterrupt
 .text.dwt_configeventcounters
                0x08009440       0x34 ./src/decadriver/deca_device.o
                0x08009440                dwt_configeventcounters
 .text.dwt_rxreset
                0x08009474       0x30 ./src/decadriver/deca_device.o
                0x08009474                dwt_rxreset
 .text.dwt_softreset
                0x080094a4       0x7c ./src/decadriver/deca_device.o
                0x080094a4                dwt_softreset
 .text.dwt_xtaltrim
                0x08009520       0x38 ./src/decadriver/deca_device.o
                0x08009520                dwt_xtaltrim
 .text.dwt_getrangebias
                0x08009558      0x1b8 ./src/decadriver/deca_range_tables.o
                0x08009558                dwt_getrangebias
 .text.instanceconfigframeheader
                0x08009710       0x88 ./src/application/instance.o
                0x08009710                instanceconfigframeheader
 .text.setupmacframedata
                0x08009798       0x54 ./src/application/instance.o
                0x08009798                setupmacframedata
 .text.instancerxon
                0x080097ec       0x50 ./src/application/instance.o
                0x080097ec                instancerxon
 .text.instancesendpacket
                0x0800983c       0x84 ./src/application/instance.o
                0x0800983c                instancesendpacket
 .text.testapprun_s
                0x080098c0     0x13b0 ./src/application/instance.o
                0x080098c0                testapprun_s
 .text.instance_init_s
                0x0800ac70       0xd8 ./src/application/instance.o
                0x0800ac70                instance_init_s
 .text.instancesetblinkreplydelay
                0x0800ad48       0x20 ./src/application/instance.o
                0x0800ad48                instancesetblinkreplydelay
 .text.instancesetreplydelay
                0x0800ad68      0x590 ./src/application/instance.o
                0x0800ad68                instancesetreplydelay
 .text.instance_get_addr
                0x0800b2f8      0x1d8 ./src/application/instance.o
                0x0800b2f8                instance_get_addr
 .text.instance_get_tagaddr
                0x0800b4d0      0x1d8 ./src/application/instance.o
                0x0800b4d0                instance_get_tagaddr
 .text.instance_get_anchaddr
                0x0800b6a8      0x1d8 ./src/application/instance.o
                0x0800b6a8                instance_get_anchaddr
 .text.convertmicrosectodevicetimeu
                0x0800b880       0x68 ./src/application/instance_common.o
                0x0800b880                convertmicrosectodevicetimeu
 .text.convertmicrosectodevicetimeu32
                0x0800b8e8       0x60 ./src/application/instance_common.o
                0x0800b8e8                convertmicrosectodevicetimeu32
 .text.convertdevicetimetosec
                0x0800b948       0x50 ./src/application/instance_common.o
                0x0800b948                convertdevicetimetosec
 .text.reportTOF_f
                0x0800b998      0x1e0 ./src/application/instance_common.o
                0x0800b998                reportTOF_f
 .text.reportTOF
                0x0800bb78      0x2b8 ./src/application/instance_common.o
                0x0800bb78                reportTOF
 .text.instaddtagtolist
                0x0800be30       0xec ./src/application/instance_common.o
                0x0800be30                instaddtagtolist
 .text.instancesetrole
                0x0800bf1c       0x20 ./src/application/instance_common.o
                0x0800bf1c                instancesetrole
 .text.instancenewrange
                0x0800bf3c       0x30 ./src/application/instance_common.o
                0x0800bf3c                instancenewrange
 .text.instanceanchorwaiting
                0x0800bf6c       0x18 ./src/application/instance_common.o
                0x0800bf6c                instanceanchorwaiting
 .text.instancesleeping
                0x0800bf84       0x30 ./src/application/instance_common.o
                0x0800bf84                instancesleeping
 .text.instanceclearcounts
                0x0800bfb4      0x188 ./src/application/instance_common.o
                0x0800bfb4                instanceclearcounts
 .text.instance_init
                0x0800c13c      0x1a0 ./src/application/instance_common.o
                0x0800c13c                instance_init
 .text.instancereaddeviceid
                0x0800c2dc       0x10 ./src/application/instance_common.o
                0x0800c2dc                instancereaddeviceid
 .text.instance_config
                0x0800c2ec      0x398 ./src/application/instance_common.o
                0x0800c2ec                instance_config
 .text.instancesettagsleepdelay
                0x0800c684       0x4c ./src/application/instance_common.o
                0x0800c684                instancesettagsleepdelay
 .text.instance_get_dly
                0x0800c6d0       0x20 ./src/application/instance_common.o
                0x0800c6d0                instance_get_dly
 .text.instance_get_lcount
                0x0800c6f0       0x20 ./src/application/instance_common.o
                0x0800c6f0                instance_get_lcount
 .text.instance_get_idist
                0x0800c710       0x28 ./src/application/instance_common.o
                0x0800c710                instance_get_idist
 .text.instance_get_txl
                0x0800c738       0x20 ./src/application/instance_common.o
                0x0800c738                instance_get_txl
 .text.instance_get_rxl
                0x0800c758       0x20 ./src/application/instance_common.o
                0x0800c758                instance_get_rxl
 .text.instance_get_adist
                0x0800c778       0x28 ./src/application/instance_common.o
                0x0800c778                instance_get_adist
 .text.instance_get_respPSC
                0x0800c7a0       0x2c ./src/application/instance_common.o
                0x0800c7a0                instance_get_respPSC
 .text.inst_processrxtimeout
                0x0800c7cc       0x8c ./src/application/instance_common.o
                0x0800c7cc                inst_processrxtimeout
 .text.inst_processackmsg
                0x0800c858       0x60 ./src/application/instance_common.o
                0x0800c858                inst_processackmsg
 .text.instance_txcallback
                0x0800c8b8      0x230 ./src/application/instance_common.o
                0x0800c8b8                instance_txcallback
 .text.instance_rxcallback
                0x0800cae8      0x488 ./src/application/instance_common.o
                0x0800cae8                instance_rxcallback
 .text.instance_peekevent
                0x0800cf70       0x50 ./src/application/instance_common.o
                0x0800cf70                instance_peekevent
 .text.instance_saveevent
                0x0800cfc0       0x50 ./src/application/instance_common.o
                0x0800cfc0                instance_saveevent
 .text.instance_getsavedevent
                0x0800d010       0x44 ./src/application/instance_common.o
                0x0800d010                instance_getsavedevent
 .text.instance_putevent
                0x0800d054      0x10c ./src/application/instance_common.o
                0x0800d054                instance_putevent
 .text.instance_getevent
                0x0800d160      0x22c ./src/application/instance_common.o
                0x0800d160                instance_getevent
 .text.instance_clearevents
                0x0800d38c       0xa8 ./src/application/instance_common.o
                0x0800d38c                instance_clearevents
 .text.instance_setapprun
                0x0800d434       0x28 ./src/application/instance_common.o
                0x0800d434                instance_setapprun
 .text.instance_run
                0x0800d45c      0x20c ./src/application/instance_common.o
                0x0800d45c                instance_run
 .text.testapprun_af
                0x0800d668      0xac0 ./src/application/instance_fast2wr_a.o
                0x0800d668                testapprun_af
 .text.instanceframeduration
                0x0800e128      0x350 ./src/application/instance_fast2wr_c.o
                0x0800e128                instanceframeduration
 .text.instance_init_f
                0x0800e478       0x8c ./src/application/instance_fast2wr_c.o
                0x0800e478                instance_init_f
 .text.instance_config_f
                0x0800e504      0x154 ./src/application/instance_fast2wr_c.o
                0x0800e504                instance_config_f
 .text.testapprun_tf
                0x0800e658      0x980 ./src/application/instance_fast2wr_t.o
                0x0800e658                testapprun_tf
 .text.NVIC_EnableIRQ
                0x0800efd8       0x34 ./src/application/main.o
 .text.NVIC_DisableIRQ
                0x0800f00c       0x38 ./src/application/main.o
 .text.decarangingmode
                0x0800f044       0x58 ./src/application/main.o
                0x0800f044                decarangingmode
 .text.inittestapplication
                0x0800f09c      0x250 ./src/application/main.o
                0x0800f09c                inittestapplication
 .text.process_deca_irq
                0x0800f2ec       0x20 ./src/application/main.o
                0x0800f2ec                process_deca_irq
 .text.initLCD  0x0800f30c       0x8c ./src/application/main.o
                0x0800f30c                initLCD
 .text.test_application_run
                0x0800f398      0x27c ./src/application/main.o
                0x0800f398                test_application_run
 .text.main     0x0800f614      0x92c ./src/application/main.o
                0x0800f614                main
 .text.USB_OTG_EnableCommonInt
                0x0800ff40       0x44 ./Libraries/STM32_USB_OTG_Driver/src/usb_core.o
 .text.USB_OTG_CoreReset
                0x0800ff84       0xa4 ./Libraries/STM32_USB_OTG_Driver/src/usb_core.o
 .text.USB_OTG_WritePacket
                0x08010028       0x84 ./Libraries/STM32_USB_OTG_Driver/src/usb_core.o
                0x08010028                USB_OTG_WritePacket
 .text.USB_OTG_ReadPacket
                0x080100ac       0x68 ./Libraries/STM32_USB_OTG_Driver/src/usb_core.o
                0x080100ac                USB_OTG_ReadPacket
 .text.USB_OTG_SelectCore
                0x08010114      0x1b0 ./Libraries/STM32_USB_OTG_Driver/src/usb_core.o
                0x08010114                USB_OTG_SelectCore
 .text.USB_OTG_CoreInit
                0x080102c4      0x150 ./Libraries/STM32_USB_OTG_Driver/src/usb_core.o
                0x080102c4                USB_OTG_CoreInit
 .text.USB_OTG_EnableGlobalInt
                0x08010414       0x3c ./Libraries/STM32_USB_OTG_Driver/src/usb_core.o
                0x08010414                USB_OTG_EnableGlobalInt
 .text.USB_OTG_DisableGlobalInt
                0x08010450       0x40 ./Libraries/STM32_USB_OTG_Driver/src/usb_core.o
                0x08010450                USB_OTG_DisableGlobalInt
 .text.USB_OTG_FlushTxFifo
                0x08010490       0x80 ./Libraries/STM32_USB_OTG_Driver/src/usb_core.o
                0x08010490                USB_OTG_FlushTxFifo
 .text.USB_OTG_FlushRxFifo
                0x08010510       0x6c ./Libraries/STM32_USB_OTG_Driver/src/usb_core.o
                0x08010510                USB_OTG_FlushRxFifo
 .text.USB_OTG_SetCurrentMode
                0x0801057c       0x64 ./Libraries/STM32_USB_OTG_Driver/src/usb_core.o
                0x0801057c                USB_OTG_SetCurrentMode
 .text.USB_OTG_GetMode
                0x080105e0       0x20 ./Libraries/STM32_USB_OTG_Driver/src/usb_core.o
                0x080105e0                USB_OTG_GetMode
 .text.USB_OTG_IsDeviceMode
                0x08010600       0x24 ./Libraries/STM32_USB_OTG_Driver/src/usb_core.o
                0x08010600                USB_OTG_IsDeviceMode
 .text.USB_OTG_ReadCoreItr
                0x08010624       0x30 ./Libraries/STM32_USB_OTG_Driver/src/usb_core.o
                0x08010624                USB_OTG_ReadCoreItr
 .text.USB_OTG_InitDevSpeed
                0x08010654       0x38 ./Libraries/STM32_USB_OTG_Driver/src/usb_core.o
                0x08010654                USB_OTG_InitDevSpeed
 .text.USB_OTG_CoreInitDev
                0x0801068c      0x2d4 ./Libraries/STM32_USB_OTG_Driver/src/usb_core.o
                0x0801068c                USB_OTG_CoreInitDev
 .text.USB_OTG_EnableDevInt
                0x08010960       0xa4 ./Libraries/STM32_USB_OTG_Driver/src/usb_core.o
                0x08010960                USB_OTG_EnableDevInt
 .text.USB_OTG_GetDeviceSpeed
                0x08010a04       0x50 ./Libraries/STM32_USB_OTG_Driver/src/usb_core.o
                0x08010a04                USB_OTG_GetDeviceSpeed
 .text.USB_OTG_EP0Activate
                0x08010a54       0x80 ./Libraries/STM32_USB_OTG_Driver/src/usb_core.o
                0x08010a54                USB_OTG_EP0Activate
 .text.USB_OTG_EPActivate
                0x08010ad4       0xf8 ./Libraries/STM32_USB_OTG_Driver/src/usb_core.o
                0x08010ad4                USB_OTG_EPActivate
 .text.USB_OTG_EPDeactivate
                0x08010bcc       0xa4 ./Libraries/STM32_USB_OTG_Driver/src/usb_core.o
                0x08010bcc                USB_OTG_EPDeactivate
 .text.USB_OTG_EPStartXfer
                0x08010c70      0x2d0 ./Libraries/STM32_USB_OTG_Driver/src/usb_core.o
                0x08010c70                USB_OTG_EPStartXfer
 .text.USB_OTG_EP0StartXfer
                0x08010f40      0x200 ./Libraries/STM32_USB_OTG_Driver/src/usb_core.o
                0x08010f40                USB_OTG_EP0StartXfer
 .text.USB_OTG_EPSetStall
                0x08011140       0x94 ./Libraries/STM32_USB_OTG_Driver/src/usb_core.o
                0x08011140                USB_OTG_EPSetStall
 .text.USB_OTG_EPClearStall
                0x080111d4       0x84 ./Libraries/STM32_USB_OTG_Driver/src/usb_core.o
                0x080111d4                USB_OTG_EPClearStall
 .text.USB_OTG_ReadDevAllOutEp_itr
                0x08011258       0x30 ./Libraries/STM32_USB_OTG_Driver/src/usb_core.o
                0x08011258                USB_OTG_ReadDevAllOutEp_itr
 .text.USB_OTG_ReadDevOutEP_itr
                0x08011288       0x3c ./Libraries/STM32_USB_OTG_Driver/src/usb_core.o
                0x08011288                USB_OTG_ReadDevOutEP_itr
 .text.USB_OTG_ReadDevAllInEPItr
                0x080112c4       0x34 ./Libraries/STM32_USB_OTG_Driver/src/usb_core.o
                0x080112c4                USB_OTG_ReadDevAllInEPItr
 .text.USB_OTG_EP0_OutStart
                0x080112f8       0x78 ./Libraries/STM32_USB_OTG_Driver/src/usb_core.o
                0x080112f8                USB_OTG_EP0_OutStart
 .text.USB_OTG_UngateClock
                0x08011370       0x54 ./Libraries/STM32_USB_OTG_Driver/src/usb_core.o
                0x08011370                USB_OTG_UngateClock
 .text.DCD_Init
                0x080113c4      0x134 ./Libraries/STM32_USB_OTG_Driver/src/usb_dcd.o
                0x080113c4                DCD_Init
 .text.DCD_EP_Open
                0x080114f8       0xb4 ./Libraries/STM32_USB_OTG_Driver/src/usb_dcd.o
                0x080114f8                DCD_EP_Open
 .text.DCD_EP_Close
                0x080115ac       0x88 ./Libraries/STM32_USB_OTG_Driver/src/usb_dcd.o
                0x080115ac                DCD_EP_Close
 .text.DCD_EP_PrepareRx
                0x08011634       0x90 ./Libraries/STM32_USB_OTG_Driver/src/usb_dcd.o
                0x08011634                DCD_EP_PrepareRx
 .text.DCD_EP_Tx
                0x080116c4       0x88 ./Libraries/STM32_USB_OTG_Driver/src/usb_dcd.o
                0x080116c4                DCD_EP_Tx
 .text.DCD_EP_Stall
                0x0801174c       0x8c ./Libraries/STM32_USB_OTG_Driver/src/usb_dcd.o
                0x0801174c                DCD_EP_Stall
 .text.DCD_EP_ClrStall
                0x080117d8       0x8c ./Libraries/STM32_USB_OTG_Driver/src/usb_dcd.o
                0x080117d8                DCD_EP_ClrStall
 .text.DCD_EP_Flush
                0x08011864       0x38 ./Libraries/STM32_USB_OTG_Driver/src/usb_dcd.o
                0x08011864                DCD_EP_Flush
 .text.DCD_EP_SetAddress
                0x0801189c       0x3c ./Libraries/STM32_USB_OTG_Driver/src/usb_dcd.o
                0x0801189c                DCD_EP_SetAddress
 .text.USBD_OTG_ISR_Handler
                0x080118d8      0x164 ./Libraries/STM32_USB_OTG_Driver/src/usb_dcd_int.o
                0x080118d8                USBD_OTG_ISR_Handler
 .text.DCD_HandleResume_ISR
                0x08011a3c       0x88 ./Libraries/STM32_USB_OTG_Driver/src/usb_dcd_int.o
 .text.DCD_HandleUSBSuspend_ISR
                0x08011ac4       0xc4 ./Libraries/STM32_USB_OTG_Driver/src/usb_dcd_int.o
 .text.DCD_HandleInEP_ISR
                0x08011b88      0x1d0 ./Libraries/STM32_USB_OTG_Driver/src/usb_dcd_int.o
 .text.DCD_HandleOutEP_ISR
                0x08011d58      0x17c ./Libraries/STM32_USB_OTG_Driver/src/usb_dcd_int.o
 .text.DCD_HandleSof_ISR
                0x08011ed4       0x3c ./Libraries/STM32_USB_OTG_Driver/src/usb_dcd_int.o
 .text.DCD_HandleRxStatusQueueLevel_ISR
                0x08011f10      0x118 ./Libraries/STM32_USB_OTG_Driver/src/usb_dcd_int.o
 .text.DCD_WriteEmptyTxFifo
                0x08012028      0x134 ./Libraries/STM32_USB_OTG_Driver/src/usb_dcd_int.o
 .text.DCD_HandleUsbReset_ISR
                0x0801215c      0x154 ./Libraries/STM32_USB_OTG_Driver/src/usb_dcd_int.o
 .text.DCD_HandleEnumDone_ISR
                0x080122b0       0x88 ./Libraries/STM32_USB_OTG_Driver/src/usb_dcd_int.o
 .text.DCD_IsoINIncomplete_ISR
                0x08012338       0x3c ./Libraries/STM32_USB_OTG_Driver/src/usb_dcd_int.o
 .text.DCD_IsoOUTIncomplete_ISR
                0x08012374       0x3c ./Libraries/STM32_USB_OTG_Driver/src/usb_dcd_int.o
 .text.DCD_ReadDevInEP
                0x080123b0       0x58 ./Libraries/STM32_USB_OTG_Driver/src/usb_dcd_int.o
 .text.USBD_Init
                0x08012408       0x98 ./Libraries/STM32_USB_Device_Library/Core/src/usbd_core.o
                0x08012408                USBD_Init
 .text.USBD_DeInit
                0x080124a0       0x18 ./Libraries/STM32_USB_Device_Library/Core/src/usbd_core.o
                0x080124a0                USBD_DeInit
 .text.USBD_SetupStage
                0x080124b8       0x70 ./Libraries/STM32_USB_Device_Library/Core/src/usbd_core.o
 .text.USBD_DataOutStage
                0x08012528       0xd4 ./Libraries/STM32_USB_Device_Library/Core/src/usbd_core.o
 .text.USBD_DataInStage
                0x080125fc      0x128 ./Libraries/STM32_USB_Device_Library/Core/src/usbd_core.o
 .text.USBD_RunTestMode
                0x08012724       0x28 ./Libraries/STM32_USB_Device_Library/Core/src/usbd_core.o
 .text.USBD_Reset
                0x0801274c       0x54 ./Libraries/STM32_USB_Device_Library/Core/src/usbd_core.o
 .text.USBD_Resume
                0x080127a0       0x38 ./Libraries/STM32_USB_Device_Library/Core/src/usbd_core.o
 .text.USBD_Suspend
                0x080127d8       0x38 ./Libraries/STM32_USB_Device_Library/Core/src/usbd_core.o
 .text.USBD_SOF
                0x08012810       0x30 ./Libraries/STM32_USB_Device_Library/Core/src/usbd_core.o
 .text.USBD_SetCfg
                0x08012840       0x34 ./Libraries/STM32_USB_Device_Library/Core/src/usbd_core.o
                0x08012840                USBD_SetCfg
 .text.USBD_ClrCfg
                0x08012874       0x2c ./Libraries/STM32_USB_Device_Library/Core/src/usbd_core.o
                0x08012874                USBD_ClrCfg
 .text.USBD_IsoINIncomplete
                0x080128a0       0x24 ./Libraries/STM32_USB_Device_Library/Core/src/usbd_core.o
 .text.USBD_IsoOUTIncomplete
                0x080128c4       0x24 ./Libraries/STM32_USB_Device_Library/Core/src/usbd_core.o
 .text.USBD_CtlSendData
                0x080128e8       0x48 ./Libraries/STM32_USB_Device_Library/Core/src/usbd_ioreq.o
                0x080128e8                USBD_CtlSendData
 .text.USBD_CtlContinueSendData
                0x08012930       0x30 ./Libraries/STM32_USB_Device_Library/Core/src/usbd_ioreq.o
                0x08012930                USBD_CtlContinueSendData
 .text.USBD_CtlPrepareRx
                0x08012960       0x48 ./Libraries/STM32_USB_Device_Library/Core/src/usbd_ioreq.o
                0x08012960                USBD_CtlPrepareRx
 .text.USBD_CtlContinueRx
                0x080129a8       0x30 ./Libraries/STM32_USB_Device_Library/Core/src/usbd_ioreq.o
                0x080129a8                USBD_CtlContinueRx
 .text.USBD_CtlSendStatus
                0x080129d8       0x3c ./Libraries/STM32_USB_Device_Library/Core/src/usbd_ioreq.o
                0x080129d8                USBD_CtlSendStatus
 .text.USBD_CtlReceiveStatus
                0x08012a14       0x3c ./Libraries/STM32_USB_Device_Library/Core/src/usbd_ioreq.o
                0x08012a14                USBD_CtlReceiveStatus
 .text.USBD_StdDevReq
                0x08012a50       0xa4 ./Libraries/STM32_USB_Device_Library/Core/src/usbd_req.o
                0x08012a50                USBD_StdDevReq
 .text.USBD_StdItfReq
                0x08012af4       0x6c ./Libraries/STM32_USB_Device_Library/Core/src/usbd_req.o
                0x08012af4                USBD_StdItfReq
 .text.USBD_StdEPReq
                0x08012b60      0x1c8 ./Libraries/STM32_USB_Device_Library/Core/src/usbd_req.o
                0x08012b60                USBD_StdEPReq
 .text.USBD_GetDescriptor
                0x08012d28      0x1c8 ./Libraries/STM32_USB_Device_Library/Core/src/usbd_req.o
 .text.USBD_SetAddress
                0x08012ef0       0x80 ./Libraries/STM32_USB_Device_Library/Core/src/usbd_req.o
 .text.USBD_SetConfig
                0x08012f70       0xf8 ./Libraries/STM32_USB_Device_Library/Core/src/usbd_req.o
 .text.USBD_GetConfig
                0x08013068       0x64 ./Libraries/STM32_USB_Device_Library/Core/src/usbd_req.o
 .text.USBD_GetStatus
                0x080130cc       0x5c ./Libraries/STM32_USB_Device_Library/Core/src/usbd_req.o
 .text.USBD_SetFeature
                0x08013128       0xec ./Libraries/STM32_USB_Device_Library/Core/src/usbd_req.o
 .text.USBD_ClrFeature
                0x08013214       0x58 ./Libraries/STM32_USB_Device_Library/Core/src/usbd_req.o
 .text.USBD_ParseSetupRequest
                0x0801326c       0x94 ./Libraries/STM32_USB_Device_Library/Core/src/usbd_req.o
                0x0801326c                USBD_ParseSetupRequest
 .text.USBD_CtlError
                0x08013300       0x2c ./Libraries/STM32_USB_Device_Library/Core/src/usbd_req.o
                0x08013300                USBD_CtlError
 .text.USBD_GetString
                0x0801332c       0x9c ./Libraries/STM32_USB_Device_Library/Core/src/usbd_req.o
                0x0801332c                USBD_GetString
 .text.USBD_GetLen
                0x080133c8       0x38 ./Libraries/STM32_USB_Device_Library/Core/src/usbd_req.o
 .text.usbd_cdc_Init
                0x08013400       0x90 ./Libraries/STM32_USB_Device_Library/Class/cdc/src/usbd_cdc_core.o
 .text.usbd_cdc_DeInit
                0x08013490       0x44 ./Libraries/STM32_USB_Device_Library/Class/cdc/src/usbd_cdc_core.o
 .text.usbd_cdc_Setup
                0x080134d4      0x140 ./Libraries/STM32_USB_Device_Library/Class/cdc/src/usbd_cdc_core.o
 .text.usbd_cdc_EP0_RxReady
                0x08013614       0x48 ./Libraries/STM32_USB_Device_Library/Class/cdc/src/usbd_cdc_core.o
 .text.usbd_cdc_DataIn
                0x0801365c       0xbc ./Libraries/STM32_USB_Device_Library/Class/cdc/src/usbd_cdc_core.o
 .text.usbd_cdc_DataOut
                0x08013718       0x58 ./Libraries/STM32_USB_Device_Library/Class/cdc/src/usbd_cdc_core.o
 .text.usbd_cdc_SOF
                0x08013770       0x44 ./Libraries/STM32_USB_Device_Library/Class/cdc/src/usbd_cdc_core.o
 .text.Handle_USBAsynchXfer
                0x080137b4       0xf8 ./Libraries/STM32_USB_Device_Library/Class/cdc/src/usbd_cdc_core.o
 .text.USBD_cdc_GetCfgDesc
                0x080138ac       0x28 ./Libraries/STM32_USB_Device_Library/Class/cdc/src/usbd_cdc_core.o
 .text.NVIC_PriorityGroupConfig
                0x080138d4       0x24 ./Libraries/STM32F10x_StdPeriph_Driver/src/misc.o
                0x080138d4                NVIC_PriorityGroupConfig
 .text.NVIC_Init
                0x080138f8       0xd4 ./Libraries/STM32F10x_StdPeriph_Driver/src/misc.o
                0x080138f8                NVIC_Init
 .text.EXTI_Init
                0x080139cc       0xe8 ./Libraries/STM32F10x_StdPeriph_Driver/src/stm32f10x_exti.o
                0x080139cc                EXTI_Init
 .text.EXTI_ClearITPendingBit
                0x08013ab4       0x1c ./Libraries/STM32F10x_StdPeriph_Driver/src/stm32f10x_exti.o
                0x08013ab4                EXTI_ClearITPendingBit
 .text.FLASH_SetLatency
                0x08013ad0       0x38 ./Libraries/STM32F10x_StdPeriph_Driver/src/stm32f10x_flash.o
                0x08013ad0                FLASH_SetLatency
 .text.FLASH_PrefetchBufferCmd
                0x08013b08       0x30 ./Libraries/STM32F10x_StdPeriph_Driver/src/stm32f10x_flash.o
                0x08013b08                FLASH_PrefetchBufferCmd
 .text.GPIO_Init
                0x08013b38      0x1b0 ./Libraries/STM32F10x_StdPeriph_Driver/src/stm32f10x_gpio.o
                0x08013b38                GPIO_Init
 .text.GPIO_ReadInputDataBit
                0x08013ce8       0x3c ./Libraries/STM32F10x_StdPeriph_Driver/src/stm32f10x_gpio.o
                0x08013ce8                GPIO_ReadInputDataBit
 .text.GPIO_SetBits
                0x08013d24       0x1c ./Libraries/STM32F10x_StdPeriph_Driver/src/stm32f10x_gpio.o
                0x08013d24                GPIO_SetBits
 .text.GPIO_ResetBits
                0x08013d40       0x1c ./Libraries/STM32F10x_StdPeriph_Driver/src/stm32f10x_gpio.o
                0x08013d40                GPIO_ResetBits
 .text.GPIO_PinRemapConfig
                0x08013d5c      0x100 ./Libraries/STM32F10x_StdPeriph_Driver/src/stm32f10x_gpio.o
                0x08013d5c                GPIO_PinRemapConfig
 .text.GPIO_EXTILineConfig
                0x08013e5c       0x98 ./Libraries/STM32F10x_StdPeriph_Driver/src/stm32f10x_gpio.o
                0x08013e5c                GPIO_EXTILineConfig
 .text.RCC_DeInit
                0x08013ef4       0x70 ./Libraries/STM32F10x_StdPeriph_Driver/src/stm32f10x_rcc.o
                0x08013ef4                RCC_DeInit
 .text.RCC_HSEConfig
                0x08013f64       0x5c ./Libraries/STM32F10x_StdPeriph_Driver/src/stm32f10x_rcc.o
                0x08013f64                RCC_HSEConfig
 .text.RCC_WaitForHSEStartUp
                0x08013fc0       0x64 ./Libraries/STM32F10x_StdPeriph_Driver/src/stm32f10x_rcc.o
                0x08013fc0                RCC_WaitForHSEStartUp
 .text.RCC_PLLConfig
                0x08014024       0x40 ./Libraries/STM32F10x_StdPeriph_Driver/src/stm32f10x_rcc.o
                0x08014024                RCC_PLLConfig
 .text.RCC_PLLCmd
                0x08014064       0x20 ./Libraries/STM32F10x_StdPeriph_Driver/src/stm32f10x_rcc.o
                0x08014064                RCC_PLLCmd
 .text.RCC_PREDIV1Config
                0x08014084       0x44 ./Libraries/STM32F10x_StdPeriph_Driver/src/stm32f10x_rcc.o
                0x08014084                RCC_PREDIV1Config
 .text.RCC_PREDIV2Config
                0x080140c8       0x38 ./Libraries/STM32F10x_StdPeriph_Driver/src/stm32f10x_rcc.o
                0x080140c8                RCC_PREDIV2Config
 .text.RCC_PLL2Config
                0x08014100       0x38 ./Libraries/STM32F10x_StdPeriph_Driver/src/stm32f10x_rcc.o
                0x08014100                RCC_PLL2Config
 .text.RCC_PLL2Cmd
                0x08014138       0x20 ./Libraries/STM32F10x_StdPeriph_Driver/src/stm32f10x_rcc.o
                0x08014138                RCC_PLL2Cmd
 .text.RCC_SYSCLKConfig
                0x08014158       0x38 ./Libraries/STM32F10x_StdPeriph_Driver/src/stm32f10x_rcc.o
                0x08014158                RCC_SYSCLKConfig
 .text.RCC_GetSYSCLKSource
                0x08014190       0x1c ./Libraries/STM32F10x_StdPeriph_Driver/src/stm32f10x_rcc.o
                0x08014190                RCC_GetSYSCLKSource
 .text.RCC_HCLKConfig
                0x080141ac       0x38 ./Libraries/STM32F10x_StdPeriph_Driver/src/stm32f10x_rcc.o
                0x080141ac                RCC_HCLKConfig
 .text.RCC_PCLK1Config
                0x080141e4       0x38 ./Libraries/STM32F10x_StdPeriph_Driver/src/stm32f10x_rcc.o
                0x080141e4                RCC_PCLK1Config
 .text.RCC_PCLK2Config
                0x0801421c       0x3c ./Libraries/STM32F10x_StdPeriph_Driver/src/stm32f10x_rcc.o
                0x0801421c                RCC_PCLK2Config
 .text.RCC_ADCCLKConfig
                0x08014258       0x38 ./Libraries/STM32F10x_StdPeriph_Driver/src/stm32f10x_rcc.o
                0x08014258                RCC_ADCCLKConfig
 .text.RCC_GetClocksFreq
                0x08014290      0x1f8 ./Libraries/STM32F10x_StdPeriph_Driver/src/stm32f10x_rcc.o
                0x08014290                RCC_GetClocksFreq
 .text.RCC_AHBPeriphClockCmd
                0x08014488       0x40 ./Libraries/STM32F10x_StdPeriph_Driver/src/stm32f10x_rcc.o
                0x08014488                RCC_AHBPeriphClockCmd
 .text.RCC_APB2PeriphClockCmd
                0x080144c8       0x40 ./Libraries/STM32F10x_StdPeriph_Driver/src/stm32f10x_rcc.o
                0x080144c8                RCC_APB2PeriphClockCmd
 .text.RCC_APB1PeriphClockCmd
                0x08014508       0x40 ./Libraries/STM32F10x_StdPeriph_Driver/src/stm32f10x_rcc.o
                0x08014508                RCC_APB1PeriphClockCmd
 .text.RCC_APB2PeriphResetCmd
                0x08014548       0x40 ./Libraries/STM32F10x_StdPeriph_Driver/src/stm32f10x_rcc.o
                0x08014548                RCC_APB2PeriphResetCmd
 .text.RCC_APB1PeriphResetCmd
                0x08014588       0x40 ./Libraries/STM32F10x_StdPeriph_Driver/src/stm32f10x_rcc.o
                0x08014588                RCC_APB1PeriphResetCmd
 .text.RCC_GetFlagStatus
                0x080145c8       0x80 ./Libraries/STM32F10x_StdPeriph_Driver/src/stm32f10x_rcc.o
                0x080145c8                RCC_GetFlagStatus
 .text.RTC_WaitForLastTask
                0x08014648       0x20 ./Libraries/STM32F10x_StdPeriph_Driver/src/stm32f10x_rtc.o
                0x08014648                RTC_WaitForLastTask
 .text.RTC_GetITStatus
                0x08014668       0x58 ./Libraries/STM32F10x_StdPeriph_Driver/src/stm32f10x_rtc.o
                0x08014668                RTC_GetITStatus
 .text.RTC_ClearITPendingBit
                0x080146c0       0x30 ./Libraries/STM32F10x_StdPeriph_Driver/src/stm32f10x_rtc.o
                0x080146c0                RTC_ClearITPendingBit
 .text.SPI_I2S_DeInit
                0x080146f0       0x80 ./Libraries/STM32F10x_StdPeriph_Driver/src/stm32f10x_spi.o
                0x080146f0                SPI_I2S_DeInit
 .text.SPI_Init
                0x08014770       0x88 ./Libraries/STM32F10x_StdPeriph_Driver/src/stm32f10x_spi.o
                0x08014770                SPI_Init
 .text.SPI_Cmd  0x080147f8       0x40 ./Libraries/STM32F10x_StdPeriph_Driver/src/stm32f10x_spi.o
                0x080147f8                SPI_Cmd
 .text.SPI_I2S_SendData
                0x08014838       0x1c ./Libraries/STM32F10x_StdPeriph_Driver/src/stm32f10x_spi.o
                0x08014838                SPI_I2S_SendData
 .text.SPI_I2S_ReceiveData
                0x08014854       0x1c ./Libraries/STM32F10x_StdPeriph_Driver/src/stm32f10x_spi.o
                0x08014854                SPI_I2S_ReceiveData
 .text.SPI_SSOutputCmd
                0x08014870       0x40 ./Libraries/STM32F10x_StdPeriph_Driver/src/stm32f10x_spi.o
                0x08014870                SPI_SSOutputCmd
 .text.SPI_I2S_GetFlagStatus
                0x080148b0       0x40 ./Libraries/STM32F10x_StdPeriph_Driver/src/stm32f10x_spi.o
                0x080148b0                SPI_I2S_GetFlagStatus
 .text.Reset_Handler
                0x080148f0       0x50 ./Libraries/CMSIS/CM3/DeviceSupport/ST/STM32F10x/startup/startup_stm32f10x_cl.o
                0x080148f0                Reset_Handler
 .text.Default_Handler
                0x08014940        0x4 ./Libraries/CMSIS/CM3/DeviceSupport/ST/STM32F10x/startup/startup_stm32f10x_cl.o
                0x08014940                EXTI2_IRQHandler
                0x08014940                TIM1_CC_IRQHandler
                0x08014940                TIM6_IRQHandler
                0x08014940                PVD_IRQHandler
                0x08014940                CAN2_RX1_IRQHandler
                0x08014940                EXTI0_IRQHandler
                0x08014940                I2C2_EV_IRQHandler
                0x08014940                CAN1_RX0_IRQHandler
                0x08014940                CAN2_SCE_IRQHandler
                0x08014940                ADC1_2_IRQHandler
                0x08014940                SPI1_IRQHandler
                0x08014940                TAMPER_IRQHandler
                0x08014940                CAN2_RX0_IRQHandler
                0x08014940                DMA2_Channel2_IRQHandler
                0x08014940                DMA1_Channel4_IRQHandler
                0x08014940                USART3_IRQHandler
                0x08014940                DMA1_Channel7_IRQHandler
                0x08014940                CAN1_RX1_IRQHandler
                0x08014940                UART5_IRQHandler
                0x08014940                TIM4_IRQHandler
                0x08014940                DMA2_Channel1_IRQHandler
                0x08014940                I2C1_EV_IRQHandler
                0x08014940                DMA1_Channel6_IRQHandler
                0x08014940                UART4_IRQHandler
                0x08014940                DMA2_Channel4_IRQHandler
                0x08014940                TIM3_IRQHandler
                0x08014940                RCC_IRQHandler
                0x08014940                TIM1_TRG_COM_IRQHandler
                0x08014940                DMA1_Channel1_IRQHandler
                0x08014940                Default_Handler
                0x08014940                TIM7_IRQHandler
                0x08014940                CAN2_TX_IRQHandler
                0x08014940                TIM5_IRQHandler
                0x08014940                SPI2_IRQHandler
                0x08014940                CAN1_TX_IRQHandler
                0x08014940                DMA2_Channel5_IRQHandler
                0x08014940                DMA1_Channel5_IRQHandler
                0x08014940                EXTI4_IRQHandler
                0x08014940                DMA1_Channel3_IRQHandler
                0x08014940                TIM1_UP_IRQHandler
                0x08014940                WWDG_IRQHandler
                0x08014940                TIM2_IRQHandler
                0x08014940                TIM1_BRK_IRQHandler
                0x08014940                EXTI1_IRQHandler
                0x08014940                RTCAlarm_IRQHandler
                0x08014940                USART2_IRQHandler
                0x08014940                I2C2_ER_IRQHandler
                0x08014940                DMA1_Channel2_IRQHandler
                0x08014940                CAN1_SCE_IRQHandler
                0x08014940                FLASH_IRQHandler
                0x08014940                USART1_IRQHandler
                0x08014940                SPI3_IRQHandler
                0x08014940                I2C1_ER_IRQHandler
                0x08014940                DMA2_Channel3_IRQHandler
 .text.SystemInit
                0x08014944       0x7c ./Libraries/CMSIS/CM3/DeviceSupport/ST/STM32F10x/system_stm32f10x.o
                0x08014944                SystemInit
 .text.SetSysClock
                0x080149c0        0xc ./Libraries/CMSIS/CM3/DeviceSupport/ST/STM32F10x/system_stm32f10x.o
 .text.SetSysClockTo72
                0x080149cc      0x144 ./Libraries/CMSIS/CM3/DeviceSupport/ST/STM32F10x/system_stm32f10x.o
 .text.__get_MSP
                0x08014b10       0x10 ./Libraries/CMSIS/CM3/CoreSupport/core_cm3.o
                0x08014b10                __get_MSP
 *(.rodata)
 .rodata        0x08014b20       0x98 ./src/usb/usbd_desc.o
 .rodata        0x08014bb8       0x24 ./src/sys/syscalls.o
 .rodata        0x08014bdc      0x22c ./src/application/main.o
 .rodata        0x08014e08       0x20 c:/program files/codesourcery/sourcery_codebench_lite_for_arm_eabi/bin/../lib/gcc/arm-none-eabi/4.7.2/../../../../arm-none-eabi/lib/thumb2\libc.a(lib_a-svfprintf.o)
 .rodata        0x08014e28       0x60 c:/program files/codesourcery/sourcery_codebench_lite_for_arm_eabi/bin/../lib/gcc/arm-none-eabi/4.7.2/../../../../arm-none-eabi/lib/thumb2\libc.a(lib_a-findfp.o)
                0x08014e28                __sf_fake_stderr
                0x08014e48                __sf_fake_stdout
                0x08014e68                __sf_fake_stdin
 .rodata        0x08014e88      0x128 c:/program files/codesourcery/sourcery_codebench_lite_for_arm_eabi/bin/../lib/gcc/arm-none-eabi/4.7.2/../../../../arm-none-eabi/lib/thumb2\libc.a(lib_a-mprec.o)
                0x08014e98                __mprec_tens
                0x08014f60                __mprec_tinytens
                0x08014f88                __mprec_bigtens
 .rodata        0x08014fb0       0x20 c:/program files/codesourcery/sourcery_codebench_lite_for_arm_eabi/bin/../lib/gcc/arm-none-eabi/4.7.2/../../../../arm-none-eabi/lib/thumb2\libc.a(lib_a-svfiprintf.o)
 *(.rodata*)
 .rodata.str1.4
                0x08014fd0       0x14 ./src/usb/usb.o
 .rodata.chan_idx
                0x08014fe4        0x8 ./src/decadriver/deca_params_init.o
                0x08014fe4                chan_idx
 .rodata.tx_config
                0x08014fec       0x18 ./src/decadriver/deca_params_init.o
                0x08014fec                tx_config
 .rodata.pll2_config
                0x08015004       0x20 ./src/decadriver/deca_params_init.o
                0x08015004                pll2_config
 .rodata.pll2calcfg
                0x08015024        0x1 ./src/decadriver/deca_params_init.o
                0x08015024                pll2calcfg
 *fill*         0x08015025        0x3 
 .rodata.rx_config
                0x08015028        0x4 ./src/decadriver/deca_params_init.o
                0x08015028                rx_config
 .rodata.agc_config
                0x0801502c        0x8 ./src/decadriver/deca_params_init.o
                0x0801502c                agc_config
 .rodata.dwnsSFDlen
                0x08015034        0x4 ./src/decadriver/deca_params_init.o
                0x08015034                dwnsSFDlen
 .rodata.sftsh  0x08015038        0xc ./src/decadriver/deca_params_init.o
                0x08015038                sftsh
 .rodata.dtune1
                0x08015044        0x4 ./src/decadriver/deca_params_init.o
                0x08015044                dtune1
 .rodata.digital_bb_config
                0x08015048       0x20 ./src/decadriver/deca_params_init.o
                0x08015048                digital_bb_config
 .rodata.lde_replicaCoeff
                0x08015068       0x34 ./src/decadriver/deca_params_init.o
                0x08015068                lde_replicaCoeff
 .rodata.chan_idxnb
                0x0801509c        0x8 ./src/decadriver/deca_range_tables.o
                0x0801509c                chan_idxnb
 .rodata.chan_idxwb
                0x080150a4        0x8 ./src/decadriver/deca_range_tables.o
                0x080150a4                chan_idxwb
 .rodata.range25cm16PRFnb
                0x080150ac       0x94 ./src/decadriver/deca_range_tables.o
                0x080150ac                range25cm16PRFnb
 .rodata.range25cm16PRFwb
                0x08015140       0x88 ./src/decadriver/deca_range_tables.o
                0x08015140                range25cm16PRFwb
 .rodata.range25cm64PRFnb
                0x080151c8       0x68 ./src/decadriver/deca_range_tables.o
                0x080151c8                range25cm64PRFnb
 .rodata.range25cm64PRFwb
                0x08015230       0x78 ./src/decadriver/deca_range_tables.o
                0x08015230                range25cm64PRFwb
 .rodata.rfDelays
                0x080152a8        0x4 ./src/application/instance_calib.o
                0x080152a8                rfDelays
 .rodata.txSpectrumConfig
                0x080152ac       0x60 ./src/application/instance_calib.o
                0x080152ac                txSpectrumConfig
 .rodata.switchbuf
                0x0801530c        0x8 ./src/application/main.o
                0x0801530c                switchbuf
 .rodata.str1.4
                0x08015314        0x2 c:/program files/codesourcery/sourcery_codebench_lite_for_arm_eabi/bin/../lib/gcc/arm-none-eabi/4.7.2/../../../../arm-none-eabi/lib/thumb2\libc.a(lib_a-impure.o)
                                  0x4 (size before relaxing)
 *fill*         0x08015316        0x2 
 .rodata.str1.4
                0x08015318       0x42 c:/program files/codesourcery/sourcery_codebench_lite_for_arm_eabi/bin/../lib/gcc/arm-none-eabi/4.7.2/../../../../arm-none-eabi/lib/thumb2\libc.a(lib_a-svfprintf.o)
                                 0x44 (size before relaxing)
 *fill*         0x0801535a        0x2 
 .rodata.str1.4
                0x0801535c       0x10 c:/program files/codesourcery/sourcery_codebench_lite_for_arm_eabi/bin/../lib/gcc/arm-none-eabi/4.7.2/../../../../arm-none-eabi/lib/thumb2\libc.a(lib_a-dtoa.o)
                                 0x14 (size before relaxing)
 .rodata.str1.4
                0x0801536c        0xc c:/program files/codesourcery/sourcery_codebench_lite_for_arm_eabi/bin/../lib/gcc/arm-none-eabi/4.7.2/../../../../arm-none-eabi/lib/thumb2\libc.a(lib_a-locale.o)
                                 0x14 (size before relaxing)
 .rodata.str1.4
                0x00000000       0x30 c:/program files/codesourcery/sourcery_codebench_lite_for_arm_eabi/bin/../lib/gcc/arm-none-eabi/4.7.2/../../../../arm-none-eabi/lib/thumb2\libc.a(lib_a-svfiprintf.o)
 *(.glue_7)
 .glue_7        0x00000000        0x0 linker stubs
 *(.glue_7t)
 .glue_7t       0x00000000        0x0 linker stubs
 *(.eh_frame)
 .eh_frame      0x08015378        0x0 c:/program files/codesourcery/sourcery_codebench_lite_for_arm_eabi/bin/../lib/gcc/arm-none-eabi/4.7.2/thumb2/crtbegin.o
 *(.init)
 .init          0x08015378        0x4 c:/program files/codesourcery/sourcery_codebench_lite_for_arm_eabi/bin/../lib/gcc/arm-none-eabi/4.7.2/thumb2/crti.o
                0x08015378                _init
 .init          0x0801537c        0x8 c:/program files/codesourcery/sourcery_codebench_lite_for_arm_eabi/bin/../lib/gcc/arm-none-eabi/4.7.2/thumb2/crtn.o
 *(.fini)
 .fini          0x08015384        0x4 c:/program files/codesourcery/sourcery_codebench_lite_for_arm_eabi/bin/../lib/gcc/arm-none-eabi/4.7.2/thumb2/crti.o
                0x08015384                _fini
 .fini          0x08015388        0x8 c:/program files/codesourcery/sourcery_codebench_lite_for_arm_eabi/bin/../lib/gcc/arm-none-eabi/4.7.2/thumb2/crtn.o
                0x08015390                . = ALIGN (0x4)
                0x08015390                _etext = .

.vfp11_veneer   0x08015390        0x0
 .vfp11_veneer  0x00000000        0x0 linker stubs

.v4_bx          0x08015390        0x0
 .v4_bx         0x00000000        0x0 linker stubs

.iplt           0x08015390        0x0
 .iplt          0x00000000        0x0 c:/program files/codesourcery/sourcery_codebench_lite_for_arm_eabi/bin/../lib/gcc/arm-none-eabi/4.7.2/thumb2/crtbegin.o

.ARM.extab
 *(.ARM.extab* .gnu.linkonce.armextab.*)

.ARM            0x08015390        0x8
                0x08015390                __exidx_start = .
 *(.ARM.exidx*)
 .ARM.exidx     0x08015390        0x8 c:/program files/codesourcery/sourcery_codebench_lite_for_arm_eabi/bin/../lib/gcc/arm-none-eabi/4.7.2/thumb2\libgcc.a(_divdi3.o)
 .ARM.exidx     0x08015398        0x0 c:/program files/codesourcery/sourcery_codebench_lite_for_arm_eabi/bin/../lib/gcc/arm-none-eabi/4.7.2/thumb2\libgcc.a(_udivdi3.o)
                                  0x8 (size before relaxing)
                0x08015398                __exidx_end = .

.rel.dyn        0x08015398        0x0
 .rel.iplt      0x00000000        0x0 c:/program files/codesourcery/sourcery_codebench_lite_for_arm_eabi/bin/../lib/gcc/arm-none-eabi/4.7.2/thumb2/crtbegin.o

.preinit_array  0x08015398        0x0
                0x08015398                PROVIDE (__preinit_array_start, .)
 *(.preinit_array*)
                0x08015398                PROVIDE (__preinit_array_end, .)

.init_array     0x08015398        0x4
                0x08015398                PROVIDE (__init_array_start, .)
 *(SORT(.init_array.*))
 *(.init_array*)
 .init_array    0x08015398        0x4 c:/program files/codesourcery/sourcery_codebench_lite_for_arm_eabi/bin/../lib/gcc/arm-none-eabi/4.7.2/thumb2/crtbegin.o
                0x0801539c                PROVIDE (__init_array_end, .)

.fini_array     0x0801539c        0x4
                0x0801539c                PROVIDE (__fini_array_start, .)
 *(.fini_array*)
 .fini_array    0x0801539c        0x4 c:/program files/codesourcery/sourcery_codebench_lite_for_arm_eabi/bin/../lib/gcc/arm-none-eabi/4.7.2/thumb2/crtbegin.o
 *(SORT(.fini_array.*))
                0x080153a0                PROVIDE (__fini_array_end, .)
                0x080153a0                _sidata = .

.data           0x20000000      0x71c load address 0x080153a0
                0x20000000                . = ALIGN (0x4)
                0x20000000                _sdata = .
 *(.data)
 .data          0x20000000       0xf4 c:/program files/codesourcery/sourcery_codebench_lite_for_arm_eabi/bin/../lib/gcc/arm-none-eabi/4.7.2/../../../../arm-none-eabi/lib/thumb2\libc.a(lib_a-impure.o)
                0x20000000                _impure_ptr
 .data          0x200000f4       0x7c c:/program files/codesourcery/sourcery_codebench_lite_for_arm_eabi/bin/../lib/gcc/arm-none-eabi/4.7.2/../../../../arm-none-eabi/lib/thumb2\libc.a(lib_a-locale.o)
                0x20000114                __mb_cur_max
 .data          0x20000170      0x410 c:/program files/codesourcery/sourcery_codebench_lite_for_arm_eabi/bin/../lib/gcc/arm-none-eabi/4.7.2/../../../../arm-none-eabi/lib/thumb2\libc.a(lib_a-mallocr.o)
                0x20000170                __malloc_av_
                0x20000578                __malloc_sbrk_base
                0x2000057c                __malloc_trim_threshold
 *(.data*)
 .data.localSPIspeed
                0x20000580        0x4 ./src/usb/usb.o
                0x20000580                localSPIspeed
 .data.linecoding
                0x20000584        0x8 ./src/usb/usbd_cdc_vcp.o
                0x20000584                linecoding
 .data.VCP_fops
                0x2000058c       0x14 ./src/usb/usbd_cdc_vcp.o
                0x2000058c                VCP_fops
 .data.USR_desc
                0x200005a0       0x1c ./src/usb/usbd_desc.o
                0x200005a0                USR_desc
 .data.USBD_DeviceDesc
                0x200005bc       0x14 ./src/usb/usbd_desc.o
                0x200005bc                USBD_DeviceDesc
 .data.USBD_LangIDDesc
                0x200005d0        0x4 ./src/usb/usbd_desc.o
                0x200005d0                USBD_LangIDDesc
 .data.USR_cb   0x200005d4       0x1c ./src/usb/usbd_usr.o
                0x200005d4                USR_cb
 .data.instance_mode
                0x200005f0        0x4 ./src/application/main.o
                0x200005f0                instance_mode
 .data.chConfig
                0x200005f4       0x50 ./src/application/main.o
                0x200005f4                chConfig
 .data.switch_fn
                0x20000644       0x1c ./src/application/main.o
                0x20000644                switch_fn
 .data.USBD_DCD_INT_cb
                0x20000660       0x2c ./Libraries/STM32_USB_Device_Library/Core/src/usbd_core.o
                0x20000660                USBD_DCD_INT_cb
 .data.USBD_DCD_INT_fops
                0x2000068c        0x4 ./Libraries/STM32_USB_Device_Library/Core/src/usbd_core.o
                0x2000068c                USBD_DCD_INT_fops
 .data.usbd_cdc_CfgDesc
                0x20000690       0x44 ./Libraries/STM32_USB_Device_Library/Class/cdc/src/usbd_cdc_core.o
                0x20000690                usbd_cdc_CfgDesc
 .data.cdcCmd   0x200006d4        0x4 ./Libraries/STM32_USB_Device_Library/Class/cdc/src/usbd_cdc_core.o
 .data.USBD_CDC_cb
                0x200006d8       0x2c ./Libraries/STM32_USB_Device_Library/Class/cdc/src/usbd_cdc_core.o
                0x200006d8                USBD_CDC_cb
 .data.APBAHBPrescTable
                0x20000704       0x10 ./Libraries/STM32F10x_StdPeriph_Driver/src/stm32f10x_rcc.o
 .data.ADCPrescTable
                0x20000714        0x4 ./Libraries/STM32F10x_StdPeriph_Driver/src/stm32f10x_rcc.o
 .data.SystemCoreClock
                0x20000718        0x4 ./Libraries/CMSIS/CM3/DeviceSupport/ST/STM32F10x/system_stm32f10x.o
                0x20000718                SystemCoreClock
                0x2000071c                . = ALIGN (0x4)
                0x2000071c                _edata = .

.jcr            0x2000071c        0x0 load address 0x08015abc
 .jcr           0x2000071c        0x0 c:/program files/codesourcery/sourcery_codebench_lite_for_arm_eabi/bin/../lib/gcc/arm-none-eabi/4.7.2/thumb2/crtbegin.o

.tm_clone_table
                0x2000071c        0x0 load address 0x08015abc
 .tm_clone_table
                0x2000071c        0x0 c:/program files/codesourcery/sourcery_codebench_lite_for_arm_eabi/bin/../lib/gcc/arm-none-eabi/4.7.2/thumb2/crtbegin.o
 .tm_clone_table
                0x2000071c        0x0 c:/program files/codesourcery/sourcery_codebench_lite_for_arm_eabi/bin/../lib/gcc/arm-none-eabi/4.7.2/thumb2/crtend.o

.igot.plt       0x2000071c        0x0 load address 0x08015abc
 .igot.plt      0x00000000        0x0 c:/program files/codesourcery/sourcery_codebench_lite_for_arm_eabi/bin/../lib/gcc/arm-none-eabi/4.7.2/thumb2/crtbegin.o
                0x2000071c                . = ALIGN (0x4)

.bss            0x20000720     0x7170 load address 0x08015ac0
                0x20000720                _sbss = .
                0x20000720                __bss_start__ = _sbss
 *(.bss)
 .bss           0x20000720       0x1c c:/program files/codesourcery/sourcery_codebench_lite_for_arm_eabi/bin/../lib/gcc/arm-none-eabi/4.7.2/thumb2/crtbegin.o
 .bss           0x2000073c       0x34 c:/program files/codesourcery/sourcery_codebench_lite_for_arm_eabi/bin/../lib/gcc/arm-none-eabi/4.7.2/../../../../arm-none-eabi/lib/thumb2\libc.a(lib_a-mallocr.o)
                0x2000073c                __malloc_top_pad
                0x20000740                __malloc_current_mallinfo
                0x20000768                __malloc_max_sbrked_mem
                0x2000076c                __malloc_max_total_mem
 *(.bss*)
 .bss.application_mode
                0x20000770        0x4 ./src/usb/usb.o
                0x20000770                application_mode
 .bss.local_buff_length
                0x20000774        0x4 ./src/usb/usb.o
                0x20000774                local_buff_length
 .bss.local_buff_offset
                0x20000778        0x2 ./src/usb/usb.o
                0x20000778                local_buff_offset
 *fill*         0x2000077a        0x2 
 .bss.tx_buff_length
                0x2000077c        0x4 ./src/usb/usb.o
                0x2000077c                tx_buff_length
 .bss.local_have_data
                0x20000780        0x4 ./src/usb/usb.o
                0x20000780                local_have_data
 .bss.i         0x20000784        0x4 ./src/usb/usb.o
 .bss.heap_end.8823
                0x20000788        0x4 ./src/sys/syscalls.o
 .bss.dw1000local
                0x2000078c       0x7c ./src/decadriver/deca_device.o
 .bss.inst_idist
                0x20000808        0x8 ./src/application/instance_common.o
                0x20000808                inst_idist
 .bss.inst_adist
                0x20000810        0x8 ./src/application/instance_common.o
                0x20000810                inst_adist
 .bss.inst_ldist
                0x20000818        0x8 ./src/application/instance_common.o
                0x20000818                inst_ldist
 .bss.dr_mode   0x20000820        0x4 ./src/application/main.o
                0x20000820                dr_mode
 .bss.USBD_ep_status
                0x20000824        0x4 ./Libraries/STM32_USB_Device_Library/Core/src/usbd_req.o
                0x20000824                USBD_ep_status
 .bss.USBD_default_cfg
                0x20000828        0x4 ./Libraries/STM32_USB_Device_Library/Core/src/usbd_req.o
                0x20000828                USBD_default_cfg
 .bss.USBD_cfg_status
                0x2000082c        0x4 ./Libraries/STM32_USB_Device_Library/Core/src/usbd_req.o
                0x2000082c                USBD_cfg_status
 .bss.cfgidx.7611
                0x20000830        0x1 ./Libraries/STM32_USB_Device_Library/Core/src/usbd_req.o
 *fill*         0x20000831        0x3 
 .bss.usbd_cdc_AltSet
                0x20000834        0x4 ./Libraries/STM32_USB_Device_Library/Class/cdc/src/usbd_cdc_core.o
 .bss.APP_Rx_ptr_in
                0x20000838        0x4 ./Libraries/STM32_USB_Device_Library/Class/cdc/src/usbd_cdc_core.o
                0x20000838                APP_Rx_ptr_in
 .bss.APP_Rx_ptr_out
                0x2000083c        0x4 ./Libraries/STM32_USB_Device_Library/Class/cdc/src/usbd_cdc_core.o
                0x2000083c                APP_Rx_ptr_out
 .bss.APP_Rx_length
                0x20000840        0x4 ./Libraries/STM32_USB_Device_Library/Class/cdc/src/usbd_cdc_core.o
                0x20000840                APP_Rx_length
 .bss.USB_Tx_State
                0x20000844        0x1 ./Libraries/STM32_USB_Device_Library/Class/cdc/src/usbd_cdc_core.o
                0x20000844                USB_Tx_State
 *fill*         0x20000845        0x3 
 .bss.cdcLen    0x20000848        0x4 ./Libraries/STM32_USB_Device_Library/Class/cdc/src/usbd_cdc_core.o
 .bss.FrameCount.7604
                0x2000084c        0x4 ./Libraries/STM32_USB_Device_Library/Class/cdc/src/usbd_cdc_core.o
 *(COMMON)
 COMMON         0x20000850     0x5e08 ./src/usb/usb.o
                0x20000850                tx_buff
                0x20002f60                USB_OTG_dev
                0x20003558                instance_data
                0x20003f48                local_buff
 COMMON         0x20006658        0x4 ./src/platform/stm32f10x_it.o
                0x20006658                time32_incr
 *fill*         0x2000665c        0x4 
 COMMON         0x20006660       0x9c ./src/application/instance_common.o
                0x20006660                dw_event_g
                0x200066f8                instance_localdata
 COMMON         0x200066fc        0x4 ./Libraries/STM32_USB_Device_Library/Core/src/usbd_core.o
                0x200066fc                SET_TEST_MODE
 COMMON         0x20006700       0xff ./Libraries/STM32_USB_Device_Library/Core/src/usbd_req.o
                0x20006700                USBD_StrDesc
 *fill*         0x200067ff        0x1 
 COMMON         0x20006800     0x108c ./Libraries/STM32_USB_Device_Library/Class/cdc/src/usbd_cdc_core.o
                0x20006800                usbd_cdc_OtherCfgDesc
                0x20006844                USB_Rx_Buffer
                0x20006884                CmdBuff
                0x2000688c                APP_Rx_Buffer